Product: MDK-ARM Lite 5.10
Component: ARM Compiler 5.04 update 1 (build 49)
Tool: armlink [5040049]

==============================================================================

Section Cross References

    system_stm32f10x.o(i.SetSysClock) refers to system_stm32f10x.o(i.SetSysClockTo72) for SetSysClockTo72
    system_stm32f10x.o(i.SystemCoreClockUpdate) refers to system_stm32f10x.o(.data) for SystemCoreClock
    system_stm32f10x.o(i.SystemInit) refers to system_stm32f10x.o(i.SetSysClock) for SetSysClock
    startup_stm32f10x_md.o(RESET) refers to startup_stm32f10x_md.o(STACK) for __initial_sp
    startup_stm32f10x_md.o(RESET) refers to startup_stm32f10x_md.o(.text) for Reset_Handler
    startup_stm32f10x_md.o(RESET) refers to stm32f10x_it.o(i.NMI_Handler) for NMI_Handler
    startup_stm32f10x_md.o(RESET) refers to stm32f10x_it.o(i.HardFault_Handler) for HardFault_Handler
    startup_stm32f10x_md.o(RESET) refers to stm32f10x_it.o(i.MemManage_Handler) for MemManage_Handler
    startup_stm32f10x_md.o(RESET) refers to stm32f10x_it.o(i.BusFault_Handler) for BusFault_Handler
    startup_stm32f10x_md.o(RESET) refers to stm32f10x_it.o(i.UsageFault_Handler) for UsageFault_Handler
    startup_stm32f10x_md.o(RESET) refers to stm32f10x_it.o(i.SVC_Handler) for SVC_Handler
    startup_stm32f10x_md.o(RESET) refers to stm32f10x_it.o(i.DebugMon_Handler) for DebugMon_Handler
    startup_stm32f10x_md.o(RESET) refers to stm32f10x_it.o(i.PendSV_Handler) for PendSV_Handler
    startup_stm32f10x_md.o(RESET) refers to stm32f10x_it.o(i.SysTick_Handler) for SysTick_Handler
    startup_stm32f10x_md.o(RESET) refers to main.o(i.DMA1_Channel1_IRQHandler) for DMA1_Channel1_IRQHandler
    startup_stm32f10x_md.o(RESET) refers to main.o(i.TIM3_IRQHandler) for TIM3_IRQHandler
    startup_stm32f10x_md.o(RESET) refers to main.o(i.USART1_IRQHandler) for USART1_IRQHandler
    startup_stm32f10x_md.o(.text) refers to system_stm32f10x.o(i.SystemInit) for SystemInit
    startup_stm32f10x_md.o(.text) refers to entry.o(.ARM.Collect$$$$00000000) for __main
    stm32f10x_flash.o(i.FLASH_EnableWriteProtection) refers to stm32f10x_flash.o(i.FLASH_WaitForLastOperation) for FLASH_WaitForLastOperation
    stm32f10x_flash.o(i.FLASH_EraseAllBank1Pages) refers to stm32f10x_flash.o(i.FLASH_WaitForLastBank1Operation) for FLASH_WaitForLastBank1Operation
    stm32f10x_flash.o(i.FLASH_EraseAllPages) refers to stm32f10x_flash.o(i.FLASH_WaitForLastOperation) for FLASH_WaitForLastOperation
    stm32f10x_flash.o(i.FLASH_EraseOptionBytes) refers to stm32f10x_flash.o(i.FLASH_GetReadOutProtectionStatus) for FLASH_GetReadOutProtectionStatus
    stm32f10x_flash.o(i.FLASH_EraseOptionBytes) refers to stm32f10x_flash.o(i.FLASH_WaitForLastOperation) for FLASH_WaitForLastOperation
    stm32f10x_flash.o(i.FLASH_ErasePage) refers to stm32f10x_flash.o(i.FLASH_WaitForLastOperation) for FLASH_WaitForLastOperation
    stm32f10x_flash.o(i.FLASH_ProgramHalfWord) refers to stm32f10x_flash.o(i.FLASH_WaitForLastOperation) for FLASH_WaitForLastOperation
    stm32f10x_flash.o(i.FLASH_ProgramOptionByteData) refers to stm32f10x_flash.o(i.FLASH_WaitForLastOperation) for FLASH_WaitForLastOperation
    stm32f10x_flash.o(i.FLASH_ProgramWord) refers to stm32f10x_flash.o(i.FLASH_WaitForLastOperation) for FLASH_WaitForLastOperation
    stm32f10x_flash.o(i.FLASH_ReadOutProtection) refers to stm32f10x_flash.o(i.FLASH_WaitForLastOperation) for FLASH_WaitForLastOperation
    stm32f10x_flash.o(i.FLASH_UserOptionByteConfig) refers to stm32f10x_flash.o(i.FLASH_WaitForLastOperation) for FLASH_WaitForLastOperation
    stm32f10x_flash.o(i.FLASH_WaitForLastBank1Operation) refers to stm32f10x_flash.o(i.FLASH_GetBank1Status) for FLASH_GetBank1Status
    stm32f10x_flash.o(i.FLASH_WaitForLastOperation) refers to stm32f10x_flash.o(i.FLASH_GetBank1Status) for FLASH_GetBank1Status
    stm32f10x_gpio.o(i.GPIO_AFIODeInit) refers to stm32f10x_rcc.o(i.RCC_APB2PeriphResetCmd) for RCC_APB2PeriphResetCmd
    stm32f10x_gpio.o(i.GPIO_DeInit) refers to stm32f10x_rcc.o(i.RCC_APB2PeriphResetCmd) for RCC_APB2PeriphResetCmd
    stm32f10x_rcc.o(i.RCC_GetClocksFreq) refers to stm32f10x_rcc.o(.data) for APBAHBPrescTable
    stm32f10x_rcc.o(i.RCC_WaitForHSEStartUp) refers to stm32f10x_rcc.o(i.RCC_GetFlagStatus) for RCC_GetFlagStatus
    stm32f10x_tim.o(i.TIM_DeInit) refers to stm32f10x_rcc.o(i.RCC_APB2PeriphResetCmd) for RCC_APB2PeriphResetCmd
    stm32f10x_tim.o(i.TIM_DeInit) refers to stm32f10x_rcc.o(i.RCC_APB1PeriphResetCmd) for RCC_APB1PeriphResetCmd
    stm32f10x_tim.o(i.TIM_ETRClockMode1Config) refers to stm32f10x_tim.o(i.TIM_ETRConfig) for TIM_ETRConfig
    stm32f10x_tim.o(i.TIM_ETRClockMode2Config) refers to stm32f10x_tim.o(i.TIM_ETRConfig) for TIM_ETRConfig
    stm32f10x_tim.o(i.TIM_ICInit) refers to stm32f10x_tim.o(i.TI1_Config) for TI1_Config
    stm32f10x_tim.o(i.TIM_ICInit) refers to stm32f10x_tim.o(i.TIM_SetIC1Prescaler) for TIM_SetIC1Prescaler
[...]
    Removing stm32f10x_spi.o(i.SPI_StructInit), (24 bytes).
    Removing stm32f10x_spi.o(i.SPI_TransmitCRC), (10 bytes).
    Removing stm32f10x_adc.o(i.ADC_AnalogWatchdogCmd), (20 bytes).
    Removing stm32f10x_adc.o(i.ADC_AnalogWatchdogSingleChannelConfig), (16 bytes).
    Removing stm32f10x_adc.o(i.ADC_AnalogWatchdogThresholdsConfig), (6 bytes).
    Removing stm32f10x_adc.o(i.ADC_AutoInjectedConvCmd), (22 bytes).
    Removing stm32f10x_adc.o(i.ADC_ClearFlag), (6 bytes).
    Removing stm32f10x_adc.o(i.ADC_ClearITPendingBit), (10 bytes).
    Removing stm32f10x_adc.o(i.ADC_DeInit), (92 bytes).
    Removing stm32f10x_adc.o(i.ADC_DiscModeChannelCountConfig), (24 bytes).
    Removing stm32f10x_adc.o(i.ADC_DiscModeCmd), (22 bytes).
    Removing stm32f10x_adc.o(i.ADC_ExternalTrigConvCmd), (22 bytes).
    Removing stm32f10x_adc.o(i.ADC_ExternalTrigInjectedConvCmd), (22 bytes).
    Removing stm32f10x_adc.o(i.ADC_ExternalTrigInjectedConvConfig), (16 bytes).
    Removing stm32f10x_adc.o(i.ADC_GetConversionValue), (8 bytes).
    Removing stm32f10x_adc.o(i.ADC_GetDualModeConversionValue), (12 bytes).
    Removing stm32f10x_adc.o(i.ADC_GetFlagStatus), (18 bytes).
    Removing stm32f10x_adc.o(i.ADC_GetITStatus), (36 bytes).
    Removing stm32f10x_adc.o(i.ADC_GetInjectedConversionValue), (28 bytes).
    Removing stm32f10x_adc.o(i.ADC_GetSoftwareStartConvStatus), (20 bytes).
    Removing stm32f10x_adc.o(i.ADC_GetSoftwareStartInjectedConvCmdStatus), (20 bytes).
    Removing stm32f10x_adc.o(i.ADC_ITConfig), (24 bytes).
    Removing stm32f10x_adc.o(i.ADC_InjectedChannelConfig), (130 bytes).
    Removing stm32f10x_adc.o(i.ADC_InjectedDiscModeCmd), (22 bytes).
    Removing stm32f10x_adc.o(i.ADC_InjectedSequencerLengthConfig), (24 bytes).
    Removing stm32f10x_adc.o(i.ADC_SetInjectedOffset), (20 bytes).
    Removing stm32f10x_adc.o(i.ADC_SoftwareStartInjectedConvCmd), (22 bytes).
    Removing stm32f10x_adc.o(i.ADC_StructInit), (18 bytes).
    Removing stm32f10x_adc.o(i.ADC_TempSensorVrefintCmd), (36 bytes).
    Removing stm32f10x_dma.o(i.DMA_ClearFlag), (28 bytes).
    Removing stm32f10x_dma.o(i.DMA_GetCurrDataCounter), (8 bytes).
    Removing stm32f10x_dma.o(i.DMA_GetFlagStatus), (44 bytes).
    Removing stm32f10x_dma.o(i.DMA_ITConfig), (18 bytes).
    Removing stm32f10x_dma.o(i.DMA_SetCurrDataCounter), (4 bytes).
    Removing stm32f10x_dma.o(i.DMA_StructInit), (26 bytes).
    Removing main.o(i.MemReadByte), (32 bytes).
    Removing main.o(i.MemWriteByte), (88 bytes).
    Removing main.o(i.SwitchInit), (44 bytes).
    Removing main.o(i.Timer3Initialize), (80 bytes).
    Removing main.o(i.run_self_test), (228 bytes).
    Removing delay.o(i.Delay), (12 bytes).
    Removing usart.o(i.GetKey), (32 bytes).
    Removing time.o(i.GET_NOWTIME), (56 bytes).
    Removing time.o(i.SYSTICK_INIT), (20 bytes).
    Removing stm32_iic.o(i.i2cGetErrorCounter), (4 bytes).
    Removing stm32_iic.o(i.i2cWrite), (72 bytes).
    Removing sys.o(.emb_text), (6 bytes).
    Removing sys.o(i.INTX_DISABLE), (4 bytes).
    Removing sys.o(i.INTX_ENABLE), (4 bytes).
    Removing sys.o(i.WFI_SET), (4 bytes).
    Removing inv_mpu.o(i.get_st_biases), (1136 bytes).
    Removing inv_mpu.o(i.mpu_get_accel_reg), (116 bytes).
    Removing inv_mpu.o(i.mpu_get_accel_sens), (84 bytes).
    Removing inv_mpu.o(i.mpu_get_compass_fsr), (20 bytes).
    Removing inv_mpu.o(i.mpu_get_compass_reg), (212 bytes).
    Removing inv_mpu.o(i.mpu_get_compass_sample_rate), (16 bytes).
    Removing inv_mpu.o(i.mpu_get_dmp_state), (20 bytes).
    Removing inv_mpu.o(i.mpu_get_fifo_config), (16 bytes).
    Removing inv_mpu.o(i.mpu_get_gyro_fsr), (68 bytes).
    Removing inv_mpu.o(i.mpu_get_gyro_reg), (116 bytes).
    Removing inv_mpu.o(i.mpu_get_gyro_sens), (80 bytes).
    Removing inv_mpu.o(i.mpu_get_int_status), (68 bytes).
    Removing inv_mpu.o(i.mpu_get_lpf), (80 bytes).
    Removing inv_mpu.o(i.mpu_get_power_state), (28 bytes).
    Removing inv_mpu.o(i.mpu_get_sample_rate), (32 bytes).
    Removing inv_mpu.o(i.mpu_get_temperature), (160 bytes).
    Removing inv_mpu.o(i.mpu_lp_motion_interrupt), (612 bytes).
    Removing inv_mpu.o(i.mpu_read_fifo), (504 bytes).
    Removing inv_mpu.o(i.mpu_read_reg), (72 bytes).
    Removing inv_mpu.o(i.mpu_reg_dump), (76 bytes).
    Removing inv_mpu.o(i.mpu_run_self_test), (172 bytes).
    Removing inv_mpu.o(i.mpu_set_accel_bias), (384 bytes).
    Removing inv_mpu.o(i.mpu_set_int_level), (16 bytes).
    Removing inv_mpu_dmp_motion_driver.o(i.dmp_get_enabled_features), (16 bytes).
    Removing inv_mpu_dmp_motion_driver.o(i.dmp_get_fifo_rate), (16 bytes).
    Removing inv_mpu_dmp_motion_driver.o(i.dmp_get_pedometer_step_count), (66 bytes).
    Removing inv_mpu_dmp_motion_driver.o(i.dmp_get_pedometer_walk_time), (72 bytes).
    Removing inv_mpu_dmp_motion_driver.o(i.dmp_register_android_orient_cb), (16 bytes).
    Removing inv_mpu_dmp_motion_driver.o(i.dmp_register_tap_cb), (16 bytes).
    Removing inv_mpu_dmp_motion_driver.o(i.dmp_set_accel_bias), (304 bytes).
    Removing inv_mpu_dmp_motion_driver.o(i.dmp_set_gyro_bias), (304 bytes).
    Removing inv_mpu_dmp_motion_driver.o(i.dmp_set_interrupt_mode), (92 bytes).
    Removing inv_mpu_dmp_motion_driver.o(i.dmp_set_pedometer_step_count), (42 bytes).
    Removing inv_mpu_dmp_motion_driver.o(i.dmp_set_pedometer_walk_time), (48 bytes).
    Removing ffixi.o(.text), (50 bytes).
    Removing cdcmple.o(.text), (40 bytes).

297 unused section(s) (total 15646 bytes) removed from the image.

==============================================================================

Image Symbol Table

    Local Symbols

    Symbol Name                              Value     Ov Type        Size  Object(Section)

    ../clib/microlib/division.c              0x00000000   Number         0  uldiv.o ABSOLUTE
    ../clib/microlib/division.c              0x00000000   Number         0  ldiv.o ABSOLUTE
    ../clib/microlib/division.c              0x00000000   Number         0  uidiv.o ABSOLUTE
    ../clib/microlib/errno.c                 0x00000000   Number         0  errno.o ABSOLUTE
    ../clib/microlib/init/entry.s            0x00000000   Number         0  entry.o ABSOLUTE
    ../clib/microlib/init/entry.s            0x00000000   Number         0  entry5.o ABSOLUTE
    ../clib/microlib/init/entry.s            0x00000000   Number         0  entry2.o ABSOLUTE
    ../clib/microlib/init/entry.s            0x00000000   Number         0  entry7a.o ABSOLUTE
    ../clib/microlib/init/entry.s            0x00000000   Number         0  entry11a.o ABSOLUTE
    ../clib/microlib/init/entry.s            0x00000000   Number         0  entry10b.o ABSOLUTE
    ../clib/microlib/init/entry.s            0x00000000   Number         0  entry11b.o ABSOLUTE
    ../clib/microlib/init/entry.s            0x00000000   Number         0  entry10a.o ABSOLUTE
    ../clib/microlib/init/entry.s            0x00000000   Number         0  entry9b.o ABSOLUTE
    ../clib/microlib/init/entry.s            0x00000000   Number         0  entry9a.o ABSOLUTE
    ../clib/microlib/init/entry.s            0x00000000   Number         0  entry7b.o ABSOLUTE
    ../clib/microlib/init/entry.s            0x00000000   Number         0  entry8b.o ABSOLUTE
    ../clib/microlib/init/entry.s            0x00000000   Number         0  entry8a.o ABSOLUTE
    ../clib/microlib/longlong.c              0x00000000   Number         0  llsshr.o ABSOLUTE
    ../clib/microlib/longlong.c              0x00000000   Number         0  llshl.o ABSOLUTE
    ../clib/microlib/longlong.c              0x00000000   Number         0  llushr.o ABSOLUTE
    ../clib/microlib/printf/printf.c         0x00000000   Number         0  printf2.o ABSOLUTE
    ../clib/microlib/printf/printf.c         0x00000000   Number         0  printfb.o ABSOLUTE
    ../clib/microlib/printf/printf.c         0x00000000   Number         0  printf0.o ABSOLUTE
    ../clib/microlib/printf/printf.c         0x00000000   Number         0  printf1.o ABSOLUTE
    ../clib/microlib/printf/printf.c         0x00000000   Number         0  printf3.o ABSOLUTE
    ../clib/microlib/printf/printf.c         0x00000000   Number         0  printfa.o ABSOLUTE
    ../clib/microlib/printf/printf.c         0x00000000   Number         0  printf4.o ABSOLUTE
    ../clib/microlib/printf/printf.c         0x00000000   Number         0  printf8.o ABSOLUTE
    ../clib/microlib/printf/printf.c         0x00000000   Number         0  printf5.o ABSOLUTE
    ../clib/microlib/printf/printf.c         0x00000000   Number         0  printf7.o ABSOLUTE
    ../clib/microlib/printf/printf.c         0x00000000   Number         0  printf6.o ABSOLUTE
    ../clib/microlib/printf/stubs.s          0x00000000   Number         0  stubs.o ABSOLUTE
    ../clib/microlib/stdio/streams.c         0x00000000   Number         0  stdout.o ABSOLUTE
    ../clib/microlib/string/memcmp.c         0x00000000   Number         0  memcmp.o ABSOLUTE
    ../clib/microlib/string/memset.c         0x00000000   Number         0  memseta.o ABSOLUTE
    ../clib/microlib/stubs.s                 0x00000000   Number         0  iusefp.o ABSOLUTE
    ../fplib/microlib/d2f.c                  0x00000000   Number         0  d2f.o ABSOLUTE
    ../fplib/microlib/f2d.c                  0x00000000   Number         0  f2d.o ABSOLUTE
    ../fplib/microlib/fpadd.c                0x00000000   Number         0  fadd.o ABSOLUTE
    ../fplib/microlib/fpadd.c                0x00000000   Number         0  dadd.o ABSOLUTE
    ../fplib/microlib/fpdiv.c                0x00000000   Number         0  fdiv.o ABSOLUTE
    ../fplib/microlib/fpdiv.c                0x00000000   Number         0  ddiv.o ABSOLUTE
    ../fplib/microlib/fpepilogue.c           0x00000000   Number         0  fepilogue.o ABSOLUTE
    ../fplib/microlib/fpepilogue.c           0x00000000   Number         0  depilogue.o ABSOLUTE
    ../fplib/microlib/fpfix.c                0x00000000   Number         0  ffixui.o ABSOLUTE
    ../fplib/microlib/fpfix.c                0x00000000   Number         0  ffixi.o ABSOLUTE
    ../fplib/microlib/fpfix.c                0x00000000   Number         0  dfixul.o ABSOLUTE
    ../fplib/microlib/fpflt.c                0x00000000   Number         0  fflti.o ABSOLUTE
    ../fplib/microlib/fpflt.c                0x00000000   Number         0  ffltui.o ABSOLUTE
    ../fplib/microlib/fpmul.c                0x00000000   Number         0  fmul.o ABSOLUTE
    ../fplib/microlib/fpmul.c                0x00000000   Number         0  dmul.o ABSOLUTE
    ../fplib/microlib/fpscalb.c              0x00000000   Number         0  dscalb.o ABSOLUTE
    ../fplib/microlib/fpsqrt.c               0x00000000   Number         0  dsqrt.o ABSOLUTE
    ../mathlib/asin.c                        0x00000000   Number         0  asin.o ABSOLUTE
    ../mathlib/asin.c                        0x00000000   Number         0  asin_x.o ABSOLUTE
    ../mathlib/atan.c                        0x00000000   Number         0  atan.o ABSOLUTE
    ../mathlib/atan.c                        0x00000000   Number         0  atan_x.o ABSOLUTE
    ../mathlib/atan2.c                       0x00000000   Number         0  atan2.o ABSOLUTE
    ../mathlib/atan2.c                       0x00000000   Number         0  atan2_x.o ABSOLUTE
    ../mathlib/dunder.c                      0x00000000   Number         0  dunder.o ABSOLUTE
    ../mathlib/fpclassify.c                  0x00000000   Number         0  fpclassify.o ABSOLUTE
    ../mathlib/poly.c                        0x00000000   Number         0  poly.o ABSOLUTE
    ../mathlib/qnan.c                        0x00000000   Number         0  qnan.o ABSOLUTE
    ../mathlib/sqrt.c                        0x00000000   Number         0  sqrt_x.o ABSOLUTE
    ../mathlib/sqrt.c                        0x00000000   Number         0  sqrt.o ABSOLUTE
    ..\CMSIS\core_cm3.c                      0x00000000   Number         0  core_cm3.o ABSOLUTE
    ..\CMSIS\startup\startup_stm32f10x_md.s  0x00000000   Number         0  startup_stm32f10x_md.o ABSOLUTE
    ..\CMSIS\system_stm32f10x.c              0x00000000   Number         0  system_stm32f10x.o ABSOLUTE
    ..\Lib\src\misc.c                        0x00000000   Number         0  misc.o ABSOLUTE
    ..\Lib\src\stm32f10x_adc.c               0x00000000   Number         0  stm32f10x_adc.o ABSOLUTE
    ..\Lib\src\stm32f10x_dma.c               0x00000000   Number         0  stm32f10x_dma.o ABSOLUTE
    ..\Lib\src\stm32f10x_exti.c              0x00000000   Number         0  stm32f10x_exti.o ABSOLUTE
    ..\Lib\src\stm32f10x_flash.c             0x00000000   Number         0  stm32f10x_flash.o ABSOLUTE
    ..\Lib\src\stm32f10x_gpio.c              0x00000000   Number         0  stm32f10x_gpio.o ABSOLUTE
    ..\Lib\src\stm32f10x_rcc.c               0x00000000   Number         0  stm32f10x_rcc.o ABSOLUTE
    ..\Lib\src\stm32f10x_spi.c               0x00000000   Number         0  stm32f10x_spi.o ABSOLUTE
    ..\Lib\src\stm32f10x_tim.c               0x00000000   Number         0  stm32f10x_tim.o ABSOLUTE
    ..\Lib\src\stm32f10x_usart.c             0x00000000   Number         0  stm32f10x_usart.o ABSOLUTE
    ..\User\Time.c                           0x00000000   Number         0  time.o ABSOLUTE
    ..\User\delay.c                          0x00000000   Number         0  delay.o ABSOLUTE
    ..\User\eMPL\inv_mpu.c                   0x00000000   Number         0  inv_mpu.o ABSOLUTE
    ..\User\eMPL\inv_mpu_dmp_motion_driver.c 0x00000000   Number         0  inv_mpu_dmp_motion_driver.o ABSOLUTE
    ..\User\eeprom.c                         0x00000000   Number         0  eeprom.o ABSOLUTE
    ..\User\main.c                           0x00000000   Number         0  main.o ABSOLUTE
    ..\User\stm32_iic.c                      0x00000000   Number         0  stm32_iic.o ABSOLUTE
    ..\User\stm32f10x_it.c                   0x00000000   Number         0  stm32f10x_it.o ABSOLUTE
    ..\User\sys.c                            0x00000000   Number         0  sys.o ABSOLUTE
    ..\User\usart.c                          0x00000000   Number         0  usart.o ABSOLUTE
    ..\\CMSIS\\core_cm3.c                    0x00000000   Number         0  core_cm3.o ABSOLUTE
    ..\\User\\sys.c                          0x00000000   Number         0  sys.o ABSOLUTE
    cdcmple.s                                0x00000000   Number         0  cdcmple.o ABSOLUTE
    cdrcmple.s                               0x00000000   Number         0  cdrcmple.o ABSOLUTE
    cfcmple.s                                0x00000000   Number         0  cfcmple.o ABSOLUTE
    dc.s                                     0x00000000   Number         0  dc.o ABSOLUTE
    handlers.s                               0x00000000   Number         0  handlers.o ABSOLUTE
    init.s                                   0x00000000   Number         0  init.o ABSOLUTE
    RESET                                    0x08000000   Section      236  startup_stm32f10x_md.o(RESET)
    .ARM.Collect$$$$00000000                 0x080000ec   Section        0  entry.o(.ARM.Collect$$$$00000000)
    .ARM.Collect$$$$00000001                 0x080000ec   Section        4  entry2.o(.ARM.Collect$$$$00000001)
    .ARM.Collect$$$$00000004                 0x080000f0   Section        4  entry5.o(.ARM.Collect$$$$00000004)
    .ARM.Collect$$$$00000008                 0x080000f4   Section        0  entry7b.o(.ARM.Collect$$$$00000008)
    .ARM.Collect$$$$0000000A                 0x080000f4   Section        0  entry8b.o(.ARM.Collect$$$$0000000A)
    .ARM.Collect$$$$0000000B                 0x080000f4   Section        8  entry9a.o(.ARM.Collect$$$$0000000B)
    .ARM.Collect$$$$0000000D                 0x080000fc   Section        0  entry10a.o(.ARM.Collect$$$$0000000D)
    .ARM.Collect$$$$0000000F                 0x080000fc   Section        0  entry11a.o(.ARM.Collect$$$$0000000F)
    .ARM.Collect$$$$00002712                 0x080000fc   Section        4  entry2.o(.ARM.Collect$$$$00002712)
    __lit__00000000                          0x080000fc   Data           4  entry2.o(.ARM.Collect$$$$00002712)
    .text                                    0x08000100   Section       36  startup_stm32f10x_md.o(.text)
    .text                                    0x08000124   Section        0  memseta.o(.text)
    .text                                    0x08000148   Section        0  memcmp.o(.text)
    .text                                    0x08000162   Section        0  fadd.o(.text)
    .text                                    0x08000212   Section        0  fmul.o(.text)
    .text                                    0x08000276   Section        0  fdiv.o(.text)
    .text                                    0x080002f2   Section        0  dadd.o(.text)
    .text                                    0x08000440   Section        0  dmul.o(.text)
    .text                                    0x08000524   Section        0  fflti.o(.text)
    .text                                    0x08000536   Section        0  ffltui.o(.text)
    .text                                    0x08000540   Section        0  ffixui.o(.text)
    .text                                    0x08000568   Section        0  f2d.o(.text)
    .text                                    0x0800058e   Section        0  d2f.o(.text)
    .text                                    0x080005c8   Section       20  cfcmple.o(.text)
    .text                                    0x080005dc   Section        0  uidiv.o(.text)
    .text                                    0x08000608   Section        0  uldiv.o(.text)
    .text                                    0x0800066a   Section        0  llshl.o(.text)
    .text                                    0x08000688   Section        0  llsshr.o(.text)
    .text                                    0x080006ac   Section        0  iusefp.o(.text)
    .text                                    0x080006ac   Section        0  fepilogue.o(.text)
    .text                                    0x0800071a   Section        0  depilogue.o(.text)
    .text                                    0x080007d0   Section        0  ddiv.o(.text)
    .text                                    0x080008ae   Section        0  dscalb.o(.text)
    .text                                    0x080008dc   Section        0  dfixul.o(.text)
    .text                                    0x0800090c   Section       40  cdrcmple.o(.text)
    .text                                    0x08000934   Section       36  init.o(.text)
    .text                                    0x08000958   Section        0  llushr.o(.text)
    .text                                    0x08000978   Section        0  dsqrt.o(.text)
    i.ADC1_Init                              0x08000a1c   Section        0  main.o(i.ADC1_Init)
    i.ADC_Cmd                                0x08000b24   Section        0  stm32f10x_adc.o(i.ADC_Cmd)
    i.ADC_DMACmd                             0x08000b3a   Section        0  stm32f10x_adc.o(i.ADC_DMACmd)
    i.ADC_GetCalibrationStatus               0x08000b50   Section        0  stm32f10x_adc.o(i.ADC_GetCalibrationStatus)
    i.ADC_GetResetCalibrationStatus          0x08000b64   Section        0  stm32f10x_adc.o(i.ADC_GetResetCalibrationStatus)
    i.ADC_Init                               0x08000b78   Section        0  stm32f10x_adc.o(i.ADC_Init)
    i.ADC_RegularChannelConfig               0x08000bc8   Section        0  stm32f10x_adc.o(i.ADC_RegularChannelConfig)
    i.ADC_ResetCalibration                   0x08000c80   Section        0  stm32f10x_adc.o(i.ADC_ResetCalibration)
    i.ADC_SoftwareStartConvCmd               0x08000c8a   Section        0  stm32f10x_adc.o(i.ADC_SoftwareStartConvCmd)
    i.ADC_StartCalibration                   0x08000ca0   Section        0  stm32f10x_adc.o(i.ADC_StartCalibration)
    i.BusFault_Handler                       0x08000caa   Section        0  stm32f10x_it.o(i.BusFault_Handler)
    i.DMA1_Channel1_IRQHandler               0x08000cb0   Section        0  main.o(i.DMA1_Channel1_IRQHandler)
    i.DMA_ClearITPendingBit                  0x08000cd0   Section        0  stm32f10x_dma.o(i.DMA_ClearITPendingBit)
    i.DMA_Cmd                                0x08000cec   Section        0  stm32f10x_dma.o(i.DMA_Cmd)
    i.DMA_DeInit                             0x08000d04   Section        0  stm32f10x_dma.o(i.DMA_DeInit)
    i.DMA_GetITStatus                        0x08000e50   Section        0  stm32f10x_dma.o(i.DMA_GetITStatus)
    i.DMA_Init                               0x08000e7c   Section        0  stm32f10x_dma.o(i.DMA_Init)
    i.DebugMon_Handler                       0x08000eb8   Section        0  stm32f10x_it.o(i.DebugMon_Handler)
    i.FLASH_ErasePage                        0x08000ebc   Section        0  stm32f10x_flash.o(i.FLASH_ErasePage)
    i.FLASH_GetBank1Status                   0x08000f08   Section        0  stm32f10x_flash.o(i.FLASH_GetBank1Status)
    i.FLASH_Lock                             0x08000f3c   Section        0  stm32f10x_flash.o(i.FLASH_Lock)
    i.FLASH_ProgramHalfWord                  0x08000f50   Section        0  stm32f10x_flash.o(i.FLASH_ProgramHalfWord)
    i.FLASH_Unlock                           0x08000f90   Section        0  stm32f10x_flash.o(i.FLASH_Unlock)
    i.FLASH_WaitForLastOperation             0x08000fa8   Section        0  stm32f10x_flash.o(i.FLASH_WaitForLastOperation)
    i.GPIO_Init                              0x08000fce   Section        0  stm32f10x_gpio.o(i.GPIO_Init)
    i.GPIO_ReadInputDataBit                  0x080010e4   Section        0  stm32f10x_gpio.o(i.GPIO_ReadInputDataBit)
    i.GPIO_ResetBits                         0x080010f6   Section        0  stm32f10x_gpio.o(i.GPIO_ResetBits)
    i.GPIO_SetBits                           0x080010fa   Section        0  stm32f10x_gpio.o(i.GPIO_SetBits)
    i.HardFault_Handler                      0x080010fe   Section        0  stm32f10x_it.o(i.HardFault_Handler)
    i.I2C_Ack                                0x08001104   Section        0  stm32_iic.o(i.I2C_Ack)
    I2C_Ack                                  0x08001105   Thumb Code    46  stm32_iic.o(i.I2C_Ack)
    i.I2C_NoAck                              0x08001138   Section        0  stm32_iic.o(i.I2C_NoAck)
    I2C_NoAck                                0x08001139   Thumb Code    48  stm32_iic.o(i.I2C_NoAck)
    i.I2C_ReceiveByte                        0x0800116c   Section        0  stm32_iic.o(i.I2C_ReceiveByte)
    I2C_ReceiveByte                          0x0800116d   Thumb Code    78  stm32_iic.o(i.I2C_ReceiveByte)
    i.I2C_SendByte                           0x080011c0   Section        0  stm32_iic.o(i.I2C_SendByte)
    I2C_SendByte                             0x080011c1   Thumb Code    78  stm32_iic.o(i.I2C_SendByte)
    i.I2C_Start                              0x08001214   Section        0  stm32_iic.o(i.I2C_Start)
    I2C_Start                                0x08001215   Thumb Code    84  stm32_iic.o(i.I2C_Start)
    i.I2C_Stop                               0x0800126c   Section        0  stm32_iic.o(i.I2C_Stop)
    I2C_Stop                                 0x0800126d   Thumb Code    48  stm32_iic.o(i.I2C_Stop)
    i.I2C_WaitAck                            0x080012a0   Section        0  stm32_iic.o(i.I2C_WaitAck)
    I2C_WaitAck                              0x080012a1   Thumb Code    68  stm32_iic.o(i.I2C_WaitAck)
    i.I2C_delay                              0x080012e8   Section        0  stm32_iic.o(i.I2C_delay)
    I2C_delay                                0x080012e9   Thumb Code    22  stm32_iic.o(i.I2C_delay)
    i.LED_Config                             0x08001300   Section        0  main.o(i.LED_Config)
    i.MemManage_Handler                      0x08001338   Section        0  stm32f10x_it.o(i.MemManage_Handler)
    i.NMI_Handler                            0x0800133c   Section        0  stm32f10x_it.o(i.NMI_Handler)
    i.NVIC_Init                              0x08001340   Section        0  misc.o(i.NVIC_Init)
    i.NVIC_PriorityGroupConfig               0x080013b0   Section        0  misc.o(i.NVIC_PriorityGroupConfig)
    i.PendSV_Handler                         0x080013c4   Section        0  stm32f10x_it.o(i.PendSV_Handler)
    i.RCC_ADCCLKConfig                       0x080013c8   Section        0  stm32f10x_rcc.o(i.RCC_ADCCLKConfig)
    i.RCC_AHBPeriphClockCmd                  0x080013e0   Section        0  stm32f10x_rcc.o(i.RCC_AHBPeriphClockCmd)
    i.RCC_APB2PeriphClockCmd                 0x08001400   Section        0  stm32f10x_rcc.o(i.RCC_APB2PeriphClockCmd)
    i.RCC_GetClocksFreq                      0x08001420   Section        0  stm32f10x_rcc.o(i.RCC_GetClocksFreq)
    i.STMFLASH_Read                          0x080014f4   Section        0  eeprom.o(i.STMFLASH_Read)
    i.STMFLASH_Read_Backup                   0x08001518   Section        0  eeprom.o(i.STMFLASH_Read_Backup)
    i.STMFLASH_Write                         0x08001540   Section        0  eeprom.o(i.STMFLASH_Write)
    i.STMFLASH_Write_NoErase                 0x08001584   Section        0  eeprom.o(i.STMFLASH_Write_NoErase)
    i.SVC_Handler                            0x080015b0   Section        0  stm32f10x_it.o(i.SVC_Handler)
    i.SetSysClock                            0x080015b2   Section        0  system_stm32f10x.o(i.SetSysClock)
    SetSysClock                              0x080015b3   Thumb Code     8  system_stm32f10x.o(i.SetSysClock)
    i.SetSysClockTo72                        0x080015bc   Section        0  system_stm32f10x.o(i.SetSysClockTo72)
    SetSysClockTo72                          0x080015bd   Thumb Code   214  system_stm32f10x.o(i.SetSysClockTo72)
    i.SysTick_Handler                        0x0800169c   Section        0  stm32f10x_it.o(i.SysTick_Handler)
    i.SystemInit                             0x080016a0   Section        0  system_stm32f10x.o(i.SystemInit)
    i.TIM3_IRQHandler                        0x08001700   Section        0  main.o(i.TIM3_IRQHandler)
    i.TIM_Cmd                                0x08001702   Section        0  stm32f10x_tim.o(i.TIM_Cmd)
    i.USART1_Config                          0x0800171c   Section        0  usart.o(i.USART1_Config)
    i.USART1_IRQHandler                      0x080017b4   Section        0  main.o(i.USART1_IRQHandler)
    i.USART_ClearFlag                        0x080017dc   Section        0  stm32f10x_usart.o(i.USART_ClearFlag)
    i.USART_Cmd                              0x080017ee   Section        0  stm32f10x_usart.o(i.USART_Cmd)
    i.USART_GetFlagStatus                    0x08001806   Section        0  stm32f10x_usart.o(i.USART_GetFlagStatus)
    i.USART_GetITStatus                      0x08001820   Section        0  stm32f10x_usart.o(i.USART_GetITStatus)
    i.USART_ITConfig                         0x08001874   Section        0  stm32f10x_usart.o(i.USART_ITConfig)
    i.USART_Init                             0x080018c0   Section        0  stm32f10x_usart.o(i.USART_Init)
    i.USART_ReceiveData                      0x08001998   Section        0  stm32f10x_usart.o(i.USART_ReceiveData)
    i.USART_SendData                         0x080019a2   Section        0  stm32f10x_usart.o(i.USART_SendData)
    i.UsageFault_Handler                     0x080019aa   Section        0  stm32f10x_it.o(i.UsageFault_Handler)
    i.__0printf                              0x080019b0   Section        0  printfa.o(i.__0printf)
    i.__ARM_fpclassify                       0x080019d0   Section        0  fpclassify.o(i.__ARM_fpclassify)
    i.__kernel_poly                          0x080019f8   Section        0  poly.o(i.__kernel_poly)
    i.__mathlib_dbl_underflow                0x08001aa4   Section        0  dunder.o(i.__mathlib_dbl_underflow)
    i.__scatterload_copy                     0x08001ab4   Section       14  handlers.o(i.__scatterload_copy)
    i.__scatterload_null                     0x08001ac2   Section        2  handlers.o(i.__scatterload_null)
    i.__scatterload_zeroinit                 0x08001ac4   Section       14  handlers.o(i.__scatterload_zeroinit)
    i.__set_errno                            0x08001ad4   Section        0  errno.o(i.__set_errno)
    i._fp_digits                             0x08001ae0   Section        0  printfa.o(i._fp_digits)
    _fp_digits                               0x08001ae1   Thumb Code   334  printfa.o(i._fp_digits)
    i._printf_core                           0x08001c44   Section        0  printfa.o(i._printf_core)
    _printf_core                             0x08001c45   Thumb Code  1744  printfa.o(i._printf_core)
    i._printf_post_padding                   0x08002320   Section        0  printfa.o(i._printf_post_padding)
    _printf_post_padding                     0x08002321   Thumb Code    36  printfa.o(i._printf_post_padding)
    i._printf_pre_padding                    0x08002344   Section        0  printfa.o(i._printf_pre_padding)
    _printf_pre_padding                      0x08002345   Thumb Code    46  printfa.o(i._printf_pre_padding)
    i.asin                                   0x08002374   Section        0  asin.o(i.asin)
    i.atan                                   0x080025f0   Section        0  atan.o(i.atan)
    i.atan2                                  0x08002814   Section        0  atan2.o(i.atan2)
    i.decode_gesture                         0x08002994   Section        0  inv_mpu_dmp_motion_driver.o(i.decode_gesture)
    decode_gesture                           0x08002995   Thumb Code    94  inv_mpu_dmp_motion_driver.o(i.decode_gesture)
    i.delay_ms                               0x080029f8   Section        0  delay.o(i.delay_ms)
    i.delay_us                               0x08002a10   Section        0  delay.o(i.delay_us)
    i.dmp_enable_6x_lp_quat                  0x08002a2a   Section        0  inv_mpu_dmp_motion_driver.o(i.dmp_enable_6x_lp_quat)
    i.dmp_enable_feature                     0x08002a68   Section        0  inv_mpu_dmp_motion_driver.o(i.dmp_enable_feature)
    i.dmp_enable_gyro_cal                    0x08002c84   Section        0  inv_mpu_dmp_motion_driver.o(i.dmp_enable_gyro_cal)
    i.dmp_enable_lp_quat                     0x08002cdc   Section        0  inv_mpu_dmp_motion_driver.o(i.dmp_enable_lp_quat)
    i.dmp_load_motion_driver_firmware        0x08002d18   Section        0  inv_mpu_dmp_motion_driver.o(i.dmp_load_motion_driver_firmware)
    i.dmp_read_fifo                          0x08002d30   Section        0  inv_mpu_dmp_motion_driver.o(i.dmp_read_fifo)
    i.dmp_set_fifo_rate                      0x08002efc   Section        0  inv_mpu_dmp_motion_driver.o(i.dmp_set_fifo_rate)
    i.dmp_set_orientation                    0x08002f6c   Section        0  inv_mpu_dmp_motion_driver.o(i.dmp_set_orientation)
    i.dmp_set_shake_reject_thresh            0x080030a4   Section        0  inv_mpu_dmp_motion_driver.o(i.dmp_set_shake_reject_thresh)
    i.dmp_set_shake_reject_time              0x080030dc   Section        0  inv_mpu_dmp_motion_driver.o(i.dmp_set_shake_reject_time)
    i.dmp_set_shake_reject_timeout           0x08003102   Section        0  inv_mpu_dmp_motion_driver.o(i.dmp_set_shake_reject_timeout)
    i.dmp_set_tap_axes                       0x08003128   Section        0  inv_mpu_dmp_motion_driver.o(i.dmp_set_tap_axes)
    i.dmp_set_tap_count                      0x0800316e   Section        0  inv_mpu_dmp_motion_driver.o(i.dmp_set_tap_count)
    i.dmp_set_tap_thresh                     0x08003194   Section        0  inv_mpu_dmp_motion_driver.o(i.dmp_set_tap_thresh)
    i.dmp_set_tap_time                       0x08003334   Section        0  inv_mpu_dmp_motion_driver.o(i.dmp_set_tap_time)
    i.dmp_set_tap_time_multi                 0x0800335a   Section        0  inv_mpu_dmp_motion_driver.o(i.dmp_set_tap_time_multi)
    i.fputc                                  0x08003380   Section        0  usart.o(i.fputc)
    i.get_ms                                 0x080033a4   Section        0  time.o(i.get_ms)
    i.i2cInit                                0x080033a8   Section        0  stm32_iic.o(i.i2cInit)
    i.i2cRead                                0x080033d4   Section        0  stm32_iic.o(i.i2cRead)
    i.i2cWriteBuffer                         0x0800344c   Section        0  stm32_iic.o(i.i2cWriteBuffer)
    i.i2cread                                0x080034b0   Section        0  stm32_iic.o(i.i2cread)
    i.i2cwrite                               0x080034d6   Section        0  stm32_iic.o(i.i2cwrite)
    i.inv_orientation_matrix_to_scalar       0x080034fc   Section        0  main.o(i.inv_orientation_matrix_to_scalar)
    inv_orientation_matrix_to_scalar         0x080034fd   Thumb Code    40  main.o(i.inv_orientation_matrix_to_scalar)
    i.inv_row_2_scale                        0x08003524   Section        0  main.o(i.inv_row_2_scale)
    inv_row_2_scale                          0x08003525   Thumb Code    78  main.o(i.inv_row_2_scale)
    i.main                                   0x08003574   Section        0  main.o(i.main)
    i.mpu_configure_fifo                     0x08003cbc   Section        0  inv_mpu.o(i.mpu_configure_fifo)
    i.mpu_get_accel_fsr                      0x08003d2c   Section        0  inv_mpu.o(i.mpu_get_accel_fsr)
    i.mpu_init                               0x08003d78   Section        0  inv_mpu.o(i.mpu_init)
    i.mpu_load_firmware                      0x08003e9c   Section        0  inv_mpu.o(i.mpu_load_firmware)
    i.mpu_lp_accel_mode                      0x08003f54   Section        0  inv_mpu.o(i.mpu_lp_accel_mode)
    i.mpu_read_fifo_stream                   0x08004070   Section        0  inv_mpu.o(i.mpu_read_fifo_stream)
    i.mpu_read_mem                           0x08004130   Section        0  inv_mpu.o(i.mpu_read_mem)
    i.mpu_reset_fifo                         0x080041b0   Section        0  inv_mpu.o(i.mpu_reset_fifo)
    i.mpu_set_accel_fsr                      0x08004378   Section        0  inv_mpu.o(i.mpu_set_accel_fsr)
    i.mpu_set_bypass                         0x080043fc   Section        0  inv_mpu.o(i.mpu_set_bypass)
    i.mpu_set_compass_sample_rate            0x08004548   Section        0  inv_mpu.o(i.mpu_set_compass_sample_rate)
    i.mpu_set_dmp_state                      0x080045a8   Section        0  inv_mpu.o(i.mpu_set_dmp_state)
    i.mpu_set_gyro_fsr                       0x08004638   Section        0  inv_mpu.o(i.mpu_set_gyro_fsr)
    i.mpu_set_int_latched                    0x080046c0   Section        0  inv_mpu.o(i.mpu_set_int_latched)
    i.mpu_set_lpf                            0x0800472c   Section        0  inv_mpu.o(i.mpu_set_lpf)
    i.mpu_set_sample_rate                    0x080047b0   Section        0  inv_mpu.o(i.mpu_set_sample_rate)
    i.mpu_set_sensors                        0x08004864   Section        0  inv_mpu.o(i.mpu_set_sensors)
    i.mpu_write_mem                          0x080049cc   Section        0  inv_mpu.o(i.mpu_write_mem)
    i.set_int_enable                         0x08004a4c   Section        0  inv_mpu.o(i.set_int_enable)
    set_int_enable                           0x08004a4d   Thumb Code   138  inv_mpu.o(i.set_int_enable)
    i.setup_compass                          0x08004adc   Section        0  inv_mpu.o(i.setup_compass)
    setup_compass                            0x08004add   Thumb Code   570  inv_mpu.o(i.setup_compass)
    i.sqrt                                   0x08004d30   Section        0  sqrt.o(i.sqrt)
    i.usart_INIT                             0x08004d7c   Section        0  usart.o(i.usart_INIT)
    .constdata                               0x08004da8   Section       96  inv_mpu.o(.constdata)
    .constdata                               0x08004e08   Section     3062  inv_mpu_dmp_motion_driver.o(.constdata)
    dmp_memory                               0x08004e08   Data        3062  inv_mpu_dmp_motion_driver.o(.constdata)
    .constdata                               0x08005a00   Section       80  asin.o(.constdata)
    pS                                       0x08005a00   Data          48  asin.o(.constdata)
    qS                                       0x08005a30   Data          32  asin.o(.constdata)
    .constdata                               0x08005a50   Section      152  atan.o(.constdata)
    atanhi                                   0x08005a50   Data          32  atan.o(.constdata)
    atanlo                                   0x08005a70   Data          32  atan.o(.constdata)
    aTodd                                    0x08005a90   Data          40  atan.o(.constdata)
    aTeven                                   0x08005ab8   Data          48  atan.o(.constdata)
    .constdata                               0x08005ae8   Section        8  qnan.o(.constdata)
    .data                                    0x20000000   Section       20  stm32f10x_rcc.o(.data)
    APBAHBPrescTable                         0x20000000   Data          16  stm32f10x_rcc.o(.data)
    ADCPrescTable                            0x20000010   Data           4  stm32f10x_rcc.o(.data)
    .data                                    0x20000014   Section       87  main.o(.data)
    gyro_orientation                         0x2000004d   Data           9  main.o(.data)
    .data                                    0x2000006c   Section       56  inv_mpu.o(.data)
    st                                       0x2000006c   Data          56  inv_mpu.o(.data)
    .data                                    0x200000a4   Section        4  stdout.o(.data)
    .data                                    0x200000a8   Section        4  errno.o(.data)
    _errno                                   0x200000a8   Data           4  errno.o(.data)
    .bss                                     0x200000ac   Section       32  main.o(.bss)
    hal                                      0x200000ac   Data          14  main.o(.bss)
    .bss                                     0x200000cc   Section     2048  eeprom.o(.bss)
    .bss                                     0x200008cc   Section       16  inv_mpu_dmp_motion_driver.o(.bss)
    dmp                                      0x200008cc   Data          16  inv_mpu_dmp_motion_driver.o(.bss)
    STACK                                    0x200008e0   Section     1024  startup_stm32f10x_md.o(STACK)

    Global Symbols

    Symbol Name                              Value     Ov Type        Size  Object(Section)

    BuildAttributes$$THM_ISAv4$P$D$K$B$S$PE$A:L22UL41UL21$X:L11$S22US41US21$IEEE1$IW$USESV6$~STKCKD$USESV7$~SHL$OTIME$ROPI$IEEEX$EBA8$MICROLIB$REQ8$PRES8$EABIv2 0x00000000   Number         0  anon$$obj.o ABSOLUTE
    __ARM_use_no_argv                        0x00000000   Number         0  main.o ABSOLUTE
    _printf_a                                0x00000000   Number         0  stubs.o ABSOLUTE
    _printf_c                                0x00000000   Number         0  stubs.o ABSOLUTE
    _printf_charcount                        0x00000000   Number         0  stubs.o ABSOLUTE
    _printf_d                                0x00000000   Number         0  stubs.o ABSOLUTE
    _printf_e                                0x00000000   Number         0  stubs.o ABSOLUTE
    _printf_f                                0x00000000   Number         0  stubs.o ABSOLUTE
    _printf_flags                            0x00000000   Number         0  stubs.o ABSOLUTE
    _printf_fp_dec                           0x00000000   Number         0  stubs.o ABSOLUTE
    _printf_fp_hex                           0x00000000   Number         0  stubs.o ABSOLUTE
    _printf_g                                0x00000000   Number         0  stubs.o ABSOLUTE
    _printf_i                                0x00000000   Number         0  stubs.o ABSOLUTE
    _printf_int_dec                          0x00000000   Number         0  stubs.o ABSOLUTE
    _printf_l                                0x00000000   Number         0  stubs.o ABSOLUTE
    _printf_lc                               0x00000000   Number         0  stubs.o ABSOLUTE
    _printf_ll                               0x00000000   Number         0  stubs.o ABSOLUTE
    _printf_lld                              0x00000000   Number         0  stubs.o ABSOLUTE
    _printf_lli                              0x00000000   Number         0  stubs.o ABSOLUTE
    _printf_llo                              0x00000000   Number         0  stubs.o ABSOLUTE
    _printf_llu                              0x00000000   Number         0  stubs.o ABSOLUTE
    _printf_llx                              0x00000000   Number         0  stubs.o ABSOLUTE
    _printf_longlong_dec                     0x00000000   Number         0  stubs.o ABSOLUTE
    _printf_longlong_hex                     0x00000000   Number         0  stubs.o ABSOLUTE
    _printf_longlong_oct                     0x00000000   Number         0  stubs.o ABSOLUTE
    _printf_ls                               0x00000000   Number         0  stubs.o ABSOLUTE
    _printf_mbtowc                           0x00000000   Number         0  stubs.o ABSOLUTE
    _printf_n                                0x00000000   Number         0  stubs.o ABSOLUTE
    _printf_o                                0x00000000   Number         0  stubs.o ABSOLUTE
    _printf_p                                0x00000000   Number         0  stubs.o ABSOLUTE
    _printf_percent                          0x00000000   Number         0  stubs.o ABSOLUTE
    _printf_pre_padding                      0x00000000   Number         0  stubs.o ABSOLUTE
    _printf_return_value                     0x00000000   Number         0  stubs.o ABSOLUTE
    _printf_s                                0x00000000   Number         0  stubs.o ABSOLUTE
    _printf_sizespec                         0x00000000   Number         0  stubs.o ABSOLUTE
    _printf_str                              0x00000000   Number         0  stubs.o ABSOLUTE
    _printf_truncate_signed                  0x00000000   Number         0  stubs.o ABSOLUTE
    _printf_truncate_unsigned                0x00000000   Number         0  stubs.o ABSOLUTE
    _printf_u                                0x00000000   Number         0  stubs.o ABSOLUTE
    _printf_wc                               0x00000000   Number         0  stubs.o ABSOLUTE
    _printf_wctomb                           0x00000000   Number         0  stubs.o ABSOLUTE
    _printf_widthprec                        0x00000000   Number         0  stubs.o ABSOLUTE
    _printf_x                                0x00000000   Number         0  stubs.o ABSOLUTE
    __cpp_initialize__aeabi_                  - Undefined Weak Reference
    __cxa_finalize                            - Undefined Weak Reference
    __decompress                              - Undefined Weak Reference
    _clock_init                               - Undefined Weak Reference
    _microlib_exit                            - Undefined Weak Reference
    __Vectors_Size                           0x000000ec   Number         0  startup_stm32f10x_md.o ABSOLUTE
    __Vectors                                0x08000000   Data           4  startup_stm32f10x_md.o(RESET)
    __Vectors_End                            0x080000ec   Data           0  startup_stm32f10x_md.o(RESET)
    __main                                   0x080000ed   Thumb Code     0  entry.o(.ARM.Collect$$$$00000000)
    _main_stk                                0x080000ed   Thumb Code     0  entry2.o(.ARM.Collect$$$$00000001)
    _main_scatterload                        0x080000f1   Thumb Code     0  entry5.o(.ARM.Collect$$$$00000004)
    __main_after_scatterload                 0x080000f5   Thumb Code     0  entry5.o(.ARM.Collect$$$$00000004)
    _main_clock                              0x080000f5   Thumb Code     0  entry7b.o(.ARM.Collect$$$$00000008)
    _main_cpp_init                           0x080000f5   Thumb Code     0  entry8b.o(.ARM.Collect$$$$0000000A)
    _main_init                               0x080000f5   Thumb Code     0  entry9a.o(.ARM.Collect$$$$0000000B)
    __rt_final_cpp                           0x080000fd   Thumb Code     0  entry10a.o(.ARM.Collect$$$$0000000D)
    __rt_final_exit                          0x080000fd   Thumb Code     0  entry11a.o(.ARM.Collect$$$$0000000F)
    Reset_Handler                            0x08000101   Thumb Code     8  startup_stm32f10x_md.o(.text)
    ADC1_2_IRQHandler                        0x0800011b   Thumb Code     0  startup_stm32f10x_md.o(.text)
    CAN1_RX1_IRQHandler                      0x0800011b   Thumb Code     0  startup_stm32f10x_md.o(.text)
    CAN1_SCE_IRQHandler                      0x0800011b   Thumb Code     0  startup_stm32f10x_md.o(.text)
    DMA1_Channel2_IRQHandler                 0x0800011b   Thumb Code     0  startup_stm32f10x_md.o(.text)
    DMA1_Channel3_IRQHandler                 0x0800011b   Thumb Code     0  startup_stm32f10x_md.o(.text)
    DMA1_Channel4_IRQHandler                 0x0800011b   Thumb Code     0  startup_stm32f10x_md.o(.text)
    DMA1_Channel5_IRQHandler                 0x0800011b   Thumb Code     0  startup_stm32f10x_md.o(.text)
    DMA1_Channel6_IRQHandler                 0x0800011b   Thumb Code     0  startup_stm32f10x_md.o(.text)
    DMA1_Channel7_IRQHandler                 0x0800011b   Thumb Code     0  startup_stm32f10x_md.o(.text)
    EXTI0_IRQHandler                         0x0800011b   Thumb Code     0  startup_stm32f10x_md.o(.text)
    EXTI15_10_IRQHandler                     0x0800011b   Thumb Code     0  startup_stm32f10x_md.o(.text)
    EXTI1_IRQHandler                         0x0800011b   Thumb Code     0  startup_stm32f10x_md.o(.text)
    EXTI2_IRQHandler                         0x0800011b   Thumb Code     0  startup_stm32f10x_md.o(.text)
    EXTI3_IRQHandler                         0x0800011b   Thumb Code     0  startup_stm32f10x_md.o(.text)
    EXTI4_IRQHandler                         0x0800011b   Thumb Code     0  startup_stm32f10x_md.o(.text)
    EXTI9_5_IRQHandler                       0x0800011b   Thumb Code     0  startup_stm32f10x_md.o(.text)
    FLASH_IRQHandler                         0x0800011b   Thumb Code     0  startup_stm32f10x_md.o(.text)
    I2C1_ER_IRQHandler                       0x0800011b   Thumb Code     0  startup_stm32f10x_md.o(.text)
    I2C1_EV_IRQHandler                       0x0800011b   Thumb Code     0  startup_stm32f10x_md.o(.text)
    I2C2_ER_IRQHandler                       0x0800011b   Thumb Code     0  startup_stm32f10x_md.o(.text)
    I2C2_EV_IRQHandler                       0x0800011b   Thumb Code     0  startup_stm32f10x_md.o(.text)
    PVD_IRQHandler                           0x0800011b   Thumb Code     0  startup_stm32f10x_md.o(.text)
    RCC_IRQHandler                           0x0800011b   Thumb Code     0  startup_stm32f10x_md.o(.text)
    RTCAlarm_IRQHandler                      0x0800011b   Thumb Code     0  startup_stm32f10x_md.o(.text)
    RTC_IRQHandler                           0x0800011b   Thumb Code     0  startup_stm32f10x_md.o(.text)
    SPI1_IRQHandler                          0x0800011b   Thumb Code     0  startup_stm32f10x_md.o(.text)
    SPI2_IRQHandler                          0x0800011b   Thumb Code     0  startup_stm32f10x_md.o(.text)
    TAMPER_IRQHandler                        0x0800011b   Thumb Code     0  startup_stm32f10x_md.o(.text)
    TIM1_BRK_IRQHandler                      0x0800011b   Thumb Code     0  startup_stm32f10x_md.o(.text)
    TIM1_CC_IRQHandler                       0x0800011b   Thumb Code     0  startup_stm32f10x_md.o(.text)
    TIM1_TRG_COM_IRQHandler                  0x0800011b   Thumb Code     0  startup_stm32f10x_md.o(.text)
    TIM1_UP_IRQHandler                       0x0800011b   Thumb Code     0  startup_stm32f10x_md.o(.text)
    TIM2_IRQHandler                          0x0800011b   Thumb Code     0  startup_stm32f10x_md.o(.text)
    TIM4_IRQHandler                          0x0800011b   Thumb Code     0  startup_stm32f10x_md.o(.text)
    USART2_IRQHandler                        0x0800011b   Thumb Code     0  startup_stm32f10x_md.o(.text)
    USART3_IRQHandler                        0x0800011b   Thumb Code     0  startup_stm32f10x_md.o(.text)
    USBWakeUp_IRQHandler                     0x0800011b   Thumb Code     0  startup_stm32f10x_md.o(.text)
    USB_HP_CAN1_TX_IRQHandler                0x0800011b   Thumb Code     0  startup_stm32f10x_md.o(.text)
    USB_LP_CAN1_RX0_IRQHandler               0x0800011b   Thumb Code     0  startup_stm32f10x_md.o(.text)
    WWDG_IRQHandler                          0x0800011b   Thumb Code     0  startup_stm32f10x_md.o(.text)
    __aeabi_memset                           0x08000125   Thumb Code    14  memseta.o(.text)
    __aeabi_memset4                          0x08000125   Thumb Code     0  memseta.o(.text)
    __aeabi_memset8                          0x08000125   Thumb Code     0  memseta.o(.text)
    __aeabi_memclr                           0x08000133   Thumb Code     4  memseta.o(.text)
    __aeabi_memclr4                          0x08000133   Thumb Code     0  memseta.o(.text)
    __aeabi_memclr8                          0x08000133   Thumb Code     0  memseta.o(.text)
    _memset$wrapper                          0x08000137   Thumb Code    18  memseta.o(.text)
    memcmp                                   0x08000149   Thumb Code    26  memcmp.o(.text)
    __aeabi_fadd                             0x08000163   Thumb Code   164  fadd.o(.text)
    __aeabi_fsub                             0x08000207   Thumb Code     6  fadd.o(.text)
    __aeabi_frsub                            0x0800020d   Thumb Code     6  fadd.o(.text)
    __aeabi_fmul                             0x08000213   Thumb Code   100  fmul.o(.text)
    __aeabi_fdiv                             0x08000277   Thumb Code   124  fdiv.o(.text)
    __aeabi_dadd                             0x080002f3   Thumb Code   322  dadd.o(.text)
    __aeabi_dsub                             0x08000435   Thumb Code     6  dadd.o(.text)
    __aeabi_drsub                            0x0800043b   Thumb Code     6  dadd.o(.text)
    __aeabi_dmul                             0x08000441   Thumb Code   228  dmul.o(.text)
    __aeabi_i2f                              0x08000525   Thumb Code    18  fflti.o(.text)
    __aeabi_ui2f                             0x08000537   Thumb Code    10  ffltui.o(.text)
    __aeabi_f2uiz                            0x08000541   Thumb Code    40  ffixui.o(.text)
    __aeabi_f2d                              0x08000569   Thumb Code    38  f2d.o(.text)
    __aeabi_d2f                              0x0800058f   Thumb Code    56  d2f.o(.text)
    __aeabi_cfcmpeq                          0x080005c9   Thumb Code     0  cfcmple.o(.text)
    __aeabi_cfcmple                          0x080005c9   Thumb Code    20  cfcmple.o(.text)
    __aeabi_uidiv                            0x080005dd   Thumb Code     0  uidiv.o(.text)
    __aeabi_uidivmod                         0x080005dd   Thumb Code    44  uidiv.o(.text)
    __aeabi_uldivmod                         0x08000609   Thumb Code    98  uldiv.o(.text)
    __aeabi_llsl                             0x0800066b   Thumb Code    30  llshl.o(.text)
    _ll_shift_l                              0x0800066b   Thumb Code     0  llshl.o(.text)
    __aeabi_lasr                             0x08000689   Thumb Code    36  llsshr.o(.text)
    _ll_sshift_r                             0x08000689   Thumb Code     0  llsshr.o(.text)
    __I$use$fp                               0x080006ad   Thumb Code     0  iusefp.o(.text)
    _float_round                             0x080006ad   Thumb Code    18  fepilogue.o(.text)
    _float_epilogue                          0x080006bf   Thumb Code    92  fepilogue.o(.text)
    _double_round                            0x0800071b   Thumb Code    26  depilogue.o(.text)
    _double_epilogue                         0x08000735   Thumb Code   156  depilogue.o(.text)
    __aeabi_ddiv                             0x080007d1   Thumb Code   222  ddiv.o(.text)
    __ARM_scalbn                             0x080008af   Thumb Code    46  dscalb.o(.text)
    scalbn                                   0x080008af   Thumb Code     0  dscalb.o(.text)
    __aeabi_d2ulz                            0x080008dd   Thumb Code    48  dfixul.o(.text)
    __aeabi_cdrcmple                         0x0800090d   Thumb Code    38  cdrcmple.o(.text)
    __scatterload                            0x08000935   Thumb Code    28  init.o(.text)
    __scatterload_rt2                        0x08000935   Thumb Code     0  init.o(.text)
    __aeabi_llsr                             0x08000959   Thumb Code    32  llushr.o(.text)
    _ll_ushift_r                             0x08000959   Thumb Code     0  llushr.o(.text)
    _dsqrt                                   0x08000979   Thumb Code   162  dsqrt.o(.text)
    ADC1_Init                                0x08000a1d   Thumb Code   246  main.o(i.ADC1_Init)
    ADC_Cmd                                  0x08000b25   Thumb Code    22  stm32f10x_adc.o(i.ADC_Cmd)
    ADC_DMACmd                               0x08000b3b   Thumb Code    22  stm32f10x_adc.o(i.ADC_DMACmd)
    ADC_GetCalibrationStatus                 0x08000b51   Thumb Code    20  stm32f10x_adc.o(i.ADC_GetCalibrationStatus)
    ADC_GetResetCalibrationStatus            0x08000b65   Thumb Code    20  stm32f10x_adc.o(i.ADC_GetResetCalibrationStatus)
    ADC_Init                                 0x08000b79   Thumb Code    70  stm32f10x_adc.o(i.ADC_Init)
    ADC_RegularChannelConfig                 0x08000bc9   Thumb Code   184  stm32f10x_adc.o(i.ADC_RegularChannelConfig)
    ADC_ResetCalibration                     0x08000c81   Thumb Code    10  stm32f10x_adc.o(i.ADC_ResetCalibration)
    ADC_SoftwareStartConvCmd                 0x08000c8b   Thumb Code    22  stm32f10x_adc.o(i.ADC_SoftwareStartConvCmd)
    ADC_StartCalibration                     0x08000ca1   Thumb Code    10  stm32f10x_adc.o(i.ADC_StartCalibration)
    BusFault_Handler                         0x08000cab   Thumb Code     4  stm32f10x_it.o(i.BusFault_Handler)
    DMA1_Channel1_IRQHandler                 0x08000cb1   Thumb Code    26  main.o(i.DMA1_Channel1_IRQHandler)
    DMA_ClearITPendingBit                    0x08000cd1   Thumb Code    18  stm32f10x_dma.o(i.DMA_ClearITPendingBit)
    DMA_Cmd                                  0x08000ced   Thumb Code    24  stm32f10x_dma.o(i.DMA_Cmd)
    DMA_DeInit                               0x08000d05   Thumb Code   324  stm32f10x_dma.o(i.DMA_DeInit)
    DMA_GetITStatus                          0x08000e51   Thumb Code    36  stm32f10x_dma.o(i.DMA_GetITStatus)
    DMA_Init                                 0x08000e7d   Thumb Code    60  stm32f10x_dma.o(i.DMA_Init)
    DebugMon_Handler                         0x08000eb9   Thumb Code     2  stm32f10x_it.o(i.DebugMon_Handler)
    FLASH_ErasePage                          0x08000ebd   Thumb Code    72  stm32f10x_flash.o(i.FLASH_ErasePage)
    FLASH_GetBank1Status                     0x08000f09   Thumb Code    48  stm32f10x_flash.o(i.FLASH_GetBank1Status)
    FLASH_Lock                               0x08000f3d   Thumb Code    14  stm32f10x_flash.o(i.FLASH_Lock)
    FLASH_ProgramHalfWord                    0x08000f51   Thumb Code    60  stm32f10x_flash.o(i.FLASH_ProgramHalfWord)
    FLASH_Unlock                             0x08000f91   Thumb Code    12  stm32f10x_flash.o(i.FLASH_Unlock)
    FLASH_WaitForLastOperation               0x08000fa9   Thumb Code    38  stm32f10x_flash.o(i.FLASH_WaitForLastOperation)
    GPIO_Init                                0x08000fcf   Thumb Code   278  stm32f10x_gpio.o(i.GPIO_Init)
    GPIO_ReadInputDataBit                    0x080010e5   Thumb Code    18  stm32f10x_gpio.o(i.GPIO_ReadInputDataBit)
    GPIO_ResetBits                           0x080010f7   Thumb Code     4  stm32f10x_gpio.o(i.GPIO_ResetBits)
    GPIO_SetBits                             0x080010fb   Thumb Code     4  stm32f10x_gpio.o(i.GPIO_SetBits)
    HardFault_Handler                        0x080010ff   Thumb Code     4  stm32f10x_it.o(i.HardFault_Handler)
    LED_Config                               0x08001301   Thumb Code    50  main.o(i.LED_Config)
    MemManage_Handler                        0x08001339   Thumb Code     4  stm32f10x_it.o(i.MemManage_Handler)
    NMI_Handler                              0x0800133d   Thumb Code     2  stm32f10x_it.o(i.NMI_Handler)
    NVIC_Init                                0x08001341   Thumb Code   100  misc.o(i.NVIC_Init)
    NVIC_PriorityGroupConfig                 0x080013b1   Thumb Code    10  misc.o(i.NVIC_PriorityGroupConfig)
    PendSV_Handler                           0x080013c5   Thumb Code     2  stm32f10x_it.o(i.PendSV_Handler)
    RCC_ADCCLKConfig                         0x080013c9   Thumb Code    18  stm32f10x_rcc.o(i.RCC_ADCCLKConfig)
    RCC_AHBPeriphClockCmd                    0x080013e1   Thumb Code    26  stm32f10x_rcc.o(i.RCC_AHBPeriphClockCmd)
    RCC_APB2PeriphClockCmd                   0x08001401   Thumb Code    26  stm32f10x_rcc.o(i.RCC_APB2PeriphClockCmd)
    RCC_GetClocksFreq                        0x08001421   Thumb Code   192  stm32f10x_rcc.o(i.RCC_GetClocksFreq)
    STMFLASH_Read                            0x080014f5   Thumb Code    30  eeprom.o(i.STMFLASH_Read)
    STMFLASH_Read_Backup                     0x08001519   Thumb Code    32  eeprom.o(i.STMFLASH_Read_Backup)
    STMFLASH_Write                           0x08001541   Thumb Code    60  eeprom.o(i.STMFLASH_Write)
    STMFLASH_Write_NoErase                   0x08001585   Thumb Code    34  eeprom.o(i.STMFLASH_Write_NoErase)
    SVC_Handler                              0x080015b1   Thumb Code     2  stm32f10x_it.o(i.SVC_Handler)
    SysTick_Handler                          0x0800169d   Thumb Code     2  stm32f10x_it.o(i.SysTick_Handler)
    SystemInit                               0x080016a1   Thumb Code    78  system_stm32f10x.o(i.SystemInit)
    TIM3_IRQHandler                          0x08001701   Thumb Code     2  main.o(i.TIM3_IRQHandler)
    TIM_Cmd                                  0x08001703   Thumb Code    24  stm32f10x_tim.o(i.TIM_Cmd)
    USART1_Config                            0x0800171d   Thumb Code   144  usart.o(i.USART1_Config)
    USART1_IRQHandler                        0x080017b5   Thumb Code    32  main.o(i.USART1_IRQHandler)
    USART_ClearFlag                          0x080017dd   Thumb Code    18  stm32f10x_usart.o(i.USART_ClearFlag)
    USART_Cmd                                0x080017ef   Thumb Code    24  stm32f10x_usart.o(i.USART_Cmd)
    USART_GetFlagStatus                      0x08001807   Thumb Code    26  stm32f10x_usart.o(i.USART_GetFlagStatus)
    USART_GetITStatus                        0x08001821   Thumb Code    84  stm32f10x_usart.o(i.USART_GetITStatus)
    USART_ITConfig                           0x08001875   Thumb Code    74  stm32f10x_usart.o(i.USART_ITConfig)
    USART_Init                               0x080018c1   Thumb Code   210  stm32f10x_usart.o(i.USART_Init)
    USART_ReceiveData                        0x08001999   Thumb Code    10  stm32f10x_usart.o(i.USART_ReceiveData)
    USART_SendData                           0x080019a3   Thumb Code     8  stm32f10x_usart.o(i.USART_SendData)
    UsageFault_Handler                       0x080019ab   Thumb Code     4  stm32f10x_it.o(i.UsageFault_Handler)
    __0printf                                0x080019b1   Thumb Code    22  printfa.o(i.__0printf)
    __1printf                                0x080019b1   Thumb Code     0  printfa.o(i.__0printf)
    __2printf                                0x080019b1   Thumb Code     0  printfa.o(i.__0printf)
    __c89printf                              0x080019b1   Thumb Code     0  printfa.o(i.__0printf)
    printf                                   0x080019b1   Thumb Code     0  printfa.o(i.__0printf)
    __ARM_fpclassify                         0x080019d1   Thumb Code    40  fpclassify.o(i.__ARM_fpclassify)
    __kernel_poly                            0x080019f9   Thumb Code   170  poly.o(i.__kernel_poly)
    __mathlib_dbl_underflow                  0x08001aa5   Thumb Code    10  dunder.o(i.__mathlib_dbl_underflow)
    __scatterload_copy                       0x08001ab5   Thumb Code    14  handlers.o(i.__scatterload_copy)
    __scatterload_null                       0x08001ac3   Thumb Code     2  handlers.o(i.__scatterload_null)
    __scatterload_zeroinit                   0x08001ac5   Thumb Code    14  handlers.o(i.__scatterload_zeroinit)
    __set_errno                              0x08001ad5   Thumb Code     6  errno.o(i.__set_errno)
    asin                                     0x08002375   Thumb Code   584  asin.o(i.asin)
    atan                                     0x080025f1   Thumb Code   478  atan.o(i.atan)
    atan2                                    0x08002815   Thumb Code   346  atan2.o(i.atan2)
    delay_ms                                 0x080029f9   Thumb Code    24  delay.o(i.delay_ms)
    delay_us                                 0x08002a11   Thumb Code    26  delay.o(i.delay_us)
    dmp_enable_6x_lp_quat                    0x08002a2b   Thumb Code    60  inv_mpu_dmp_motion_driver.o(i.dmp_enable_6x_lp_quat)
    dmp_enable_feature                       0x08002a69   Thumb Code   530  inv_mpu_dmp_motion_driver.o(i.dmp_enable_feature)
    dmp_enable_gyro_cal                      0x08002c85   Thumb Code    62  inv_mpu_dmp_motion_driver.o(i.dmp_enable_gyro_cal)
    dmp_enable_lp_quat                       0x08002cdd   Thumb Code    60  inv_mpu_dmp_motion_driver.o(i.dmp_enable_lp_quat)
    dmp_load_motion_driver_firmware          0x08002d19   Thumb Code    20  inv_mpu_dmp_motion_driver.o(i.dmp_load_motion_driver_firmware)
    dmp_read_fifo                            0x08002d31   Thumb Code   456  inv_mpu_dmp_motion_driver.o(i.dmp_read_fifo)
    dmp_set_fifo_rate                        0x08002efd   Thumb Code    96  inv_mpu_dmp_motion_driver.o(i.dmp_set_fifo_rate)
    dmp_set_orientation                      0x08002f6d   Thumb Code   290  inv_mpu_dmp_motion_driver.o(i.dmp_set_orientation)
    dmp_set_shake_reject_thresh              0x080030a5   Thumb Code    56  inv_mpu_dmp_motion_driver.o(i.dmp_set_shake_reject_thresh)
    dmp_set_shake_reject_time                0x080030dd   Thumb Code    38  inv_mpu_dmp_motion_driver.o(i.dmp_set_shake_reject_time)
    dmp_set_shake_reject_timeout             0x08003103   Thumb Code    38  inv_mpu_dmp_motion_driver.o(i.dmp_set_shake_reject_timeout)
    dmp_set_tap_axes                         0x08003129   Thumb Code    70  inv_mpu_dmp_motion_driver.o(i.dmp_set_tap_axes)
    dmp_set_tap_count                        0x0800316f   Thumb Code    38  inv_mpu_dmp_motion_driver.o(i.dmp_set_tap_count)
    dmp_set_tap_thresh                       0x08003195   Thumb Code   396  inv_mpu_dmp_motion_driver.o(i.dmp_set_tap_thresh)
    dmp_set_tap_time                         0x08003335   Thumb Code    38  inv_mpu_dmp_motion_driver.o(i.dmp_set_tap_time)
    dmp_set_tap_time_multi                   0x0800335b   Thumb Code    38  inv_mpu_dmp_motion_driver.o(i.dmp_set_tap_time_multi)
    fputc                                    0x08003381   Thumb Code    32  usart.o(i.fputc)
    get_ms                                   0x080033a5   Thumb Code     2  time.o(i.get_ms)
    i2cInit                                  0x080033a9   Thumb Code    38  stm32_iic.o(i.i2cInit)
    i2cRead                                  0x080033d5   Thumb Code   120  stm32_iic.o(i.i2cRead)
    i2cWriteBuffer                           0x0800344d   Thumb Code   100  stm32_iic.o(i.i2cWriteBuffer)
    i2cread                                  0x080034b1   Thumb Code    38  stm32_iic.o(i.i2cread)
    i2cwrite                                 0x080034d7   Thumb Code    38  stm32_iic.o(i.i2cwrite)
    main                                     0x08003575   Thumb Code  1756  main.o(i.main)
    mpu_configure_fifo                       0x08003cbd   Thumb Code   106  inv_mpu.o(i.mpu_configure_fifo)
    mpu_get_accel_fsr                        0x08003d2d   Thumb Code    72  inv_mpu.o(i.mpu_get_accel_fsr)
    mpu_init                                 0x08003d79   Thumb Code   286  inv_mpu.o(i.mpu_init)
    mpu_load_firmware                        0x08003e9d   Thumb Code   180  inv_mpu.o(i.mpu_load_firmware)
    mpu_lp_accel_mode                        0x08003f55   Thumb Code   280  inv_mpu.o(i.mpu_lp_accel_mode)
    mpu_read_fifo_stream                     0x08004071   Thumb Code   186  inv_mpu.o(i.mpu_read_fifo_stream)
    mpu_read_mem                             0x08004131   Thumb Code   122  inv_mpu.o(i.mpu_read_mem)
    mpu_reset_fifo                           0x080041b1   Thumb Code   450  inv_mpu.o(i.mpu_reset_fifo)
    mpu_set_accel_fsr                        0x08004379   Thumb Code   126  inv_mpu.o(i.mpu_set_accel_fsr)
    mpu_set_bypass                           0x080043fd   Thumb Code   328  inv_mpu.o(i.mpu_set_bypass)
    mpu_set_compass_sample_rate              0x08004549   Thumb Code    92  inv_mpu.o(i.mpu_set_compass_sample_rate)
    mpu_set_dmp_state                        0x080045a9   Thumb Code   138  inv_mpu.o(i.mpu_set_dmp_state)
    mpu_set_gyro_fsr                         0x08004639   Thumb Code   132  inv_mpu.o(i.mpu_set_gyro_fsr)
    mpu_set_int_latched                      0x080046c1   Thumb Code   102  inv_mpu.o(i.mpu_set_int_latched)
    mpu_set_lpf                              0x0800472d   Thumb Code   126  inv_mpu.o(i.mpu_set_lpf)
    mpu_set_sample_rate                      0x080047b1   Thumb Code   174  inv_mpu.o(i.mpu_set_sample_rate)
    mpu_set_sensors                          0x08004865   Thumb Code   354  inv_mpu.o(i.mpu_set_sensors)
    mpu_write_mem                            0x080049cd   Thumb Code   122  inv_mpu.o(i.mpu_write_mem)
    sqrt                                     0x08004d31   Thumb Code    76  sqrt.o(i.sqrt)
    usart_INIT                               0x08004d7d   Thumb Code    42  usart.o(i.usart_INIT)
    reg                                      0x08004da8   Data          42  inv_mpu.o(.constdata)
    hw                                       0x08004dd2   Data          14  inv_mpu.o(.constdata)
    test                                     0x08004de0   Data          40  inv_mpu.o(.constdata)
    __mathlib_zero                           0x08005ae8   Data           8  qnan.o(.constdata)
    Region$$Table$$Base                      0x08005af0   Number         0  anon$$obj.o(Region$$Table)
    Region$$Table$$Limit                     0x08005b10   Number         0  anon$$obj.o(Region$$Table)
    rx                                       0x20000014   Data           4  main.o(.data)
    ry                                       0x20000018   Data           4  main.o(.data)
    r                                        0x2000001c   Data           8  main.o(.data)
    q0                                       0x20000024   Data           4  main.o(.data)
    q1                                       0x20000028   Data           4  main.o(.data)
    q2                                       0x2000002c   Data           4  main.o(.data)
    q3                                       0x20000030   Data           4  main.o(.data)
    Pitch                                    0x20000034   Data           4  main.o(.data)
    Roll                                     0x20000038   Data           4  main.o(.data)
    Yaw                                      0x2000003c   Data           4  main.o(.data)
    temp                                     0x20000040   Data           4  main.o(.data)
    ADC_ConvertedValue                       0x20000044   Data           2  main.o(.data)
    ADC_ConvertedValueLocal                  0x20000048   Data           4  main.o(.data)
    rx_new                                   0x2000004c   Data           1  main.o(.data)
    sensor_timestamp                         0x20000058   Data           4  main.o(.data)
    gyro                                     0x2000005c   Data           6  main.o(.data)
    accel                                    0x20000062   Data           6  main.o(.data)
    sensors                                  0x20000068   Data           2  main.o(.data)
    more                                     0x2000006a   Data           1  main.o(.data)
    __stdout                                 0x200000a4   Data           4  stdout.o(.data)
    quat                                     0x200000bc   Data          16  main.o(.bss)
    STMFLASH_BUFF                            0x200000cc   Data        2048  eeprom.o(.bss)
    __initial_sp                             0x20000ce0   Data           0  startup_stm32f10x_md.o(STACK)



==============================================================================

Memory Map of the image

  Image Entry point : 0x080000ed

  Load Region LR_IROM1 (Base: 0x08000000, Size: 0x00005bbc, Max: 0x00010000, ABSOLUTE)

    Execution Region ER_IROM1 (Base: 0x08000000, Size: 0x00005b10, Max: 0x00010000, ABSOLUTE)

    Base Addr    Size         Type   Attr      Idx    E Section Name        Object

    0x08000000   0x000000ec   Data   RO           84    RESET               startup_stm32f10x_md.o
    0x080000ec   0x00000000   Code   RO         2724  * .ARM.Collect$$$$00000000  mc_w.l(entry.o)
    0x080000ec   0x00000004   Code   RO         3043    .ARM.Collect$$$$00000001  mc_w.l(entry2.o)
    0x080000f0   0x00000004   Code   RO         3046    .ARM.Collect$$$$00000004  mc_w.l(entry5.o)
    0x080000f4   0x00000000   Code   RO         3048    .ARM.Collect$$$$00000008  mc_w.l(entry7b.o)
    0x080000f4   0x00000000   Code   RO         3050    .ARM.Collect$$$$0000000A  mc_w.l(entry8b.o)
    0x080000f4   0x00000008   Code   RO         3051    .ARM.Collect$$$$0000000B  mc_w.l(entry9a.o)
    0x080000fc   0x00000000   Code   RO         3053    .ARM.Collect$$$$0000000D  mc_w.l(entry10a.o)
    0x080000fc   0x00000000   Code   RO         3055    .ARM.Collect$$$$0000000F  mc_w.l(entry11a.o)
    0x080000fc   0x00000004   Code   RO         3044    .ARM.Collect$$$$00002712  mc_w.l(entry2.o)
    0x08000100   0x00000024   Code   RO           85    .text               startup_stm32f10x_md.o
    0x08000124   0x00000024   Code   RO         2729    .text               mc_w.l(memseta.o)
    0x08000148   0x0000001a   Code   RO         2731    .text               mc_w.l(memcmp.o)
    0x08000162   0x000000b0   Code   RO         2994    .text               mf_w.l(fadd.o)
    0x08000212   0x00000064   Code   RO         2996    .text               mf_w.l(fmul.o)
    0x08000276   0x0000007c   Code   RO         2998    .text               mf_w.l(fdiv.o)
    0x080002f2   0x0000014e   Code   RO         3000    .text               mf_w.l(dadd.o)
    0x08000440   0x000000e4   Code   RO         3002    .text               mf_w.l(dmul.o)
    0x08000524   0x00000012   Code   RO         3004    .text               mf_w.l(fflti.o)
    0x08000536   0x0000000a   Code   RO         3006    .text               mf_w.l(ffltui.o)
    0x08000540   0x00000028   Code   RO         3010    .text               mf_w.l(ffixui.o)
    0x08000568   0x00000026   Code   RO         3012    .text               mf_w.l(f2d.o)
    0x0800058e   0x00000038   Code   RO         3014    .text               mf_w.l(d2f.o)
    0x080005c6   0x00000002   PAD
    0x080005c8   0x00000014   Code   RO         3016    .text               mf_w.l(cfcmple.o)
    0x080005dc   0x0000002c   Code   RO         3058    .text               mc_w.l(uidiv.o)
    0x08000608   0x00000062   Code   RO         3060    .text               mc_w.l(uldiv.o)
    0x0800066a   0x0000001e   Code   RO         3062    .text               mc_w.l(llshl.o)
    0x08000688   0x00000024   Code   RO         3064    .text               mc_w.l(llsshr.o)
    0x080006ac   0x00000000   Code   RO         3073    .text               mc_w.l(iusefp.o)
    0x080006ac   0x0000006e   Code   RO         3074    .text               mf_w.l(fepilogue.o)
    0x0800071a   0x000000b6   Code   RO         3076    .text               mf_w.l(depilogue.o)
    0x080007d0   0x000000de   Code   RO         3078    .text               mf_w.l(ddiv.o)
    0x080008ae   0x0000002e   Code   RO         3080    .text               mf_w.l(dscalb.o)
    0x080008dc   0x00000030   Code   RO         3082    .text               mf_w.l(dfixul.o)
    0x0800090c   0x00000028   Code   RO         3084    .text               mf_w.l(cdrcmple.o)
    0x08000934   0x00000024   Code   RO         3086    .text               mc_w.l(init.o)
    0x08000958   0x00000020   Code   RO         3088    .text               mc_w.l(llushr.o)
    0x08000978   0x000000a2   Code   RO         3090    .text               mf_w.l(dsqrt.o)
    0x08000a1a   0x00000002   PAD
    0x08000a1c   0x00000108   Code   RO         1846    i.ADC1_Init         main.o
    0x08000b24   0x00000016   Code   RO         1552    i.ADC_Cmd           stm32f10x_adc.o
    0x08000b3a   0x00000016   Code   RO         1553    i.ADC_DMACmd        stm32f10x_adc.o
    0x08000b50   0x00000014   Code   RO         1560    i.ADC_GetCalibrationStatus  stm32f10x_adc.o
    0x08000b64   0x00000014   Code   RO         1566    i.ADC_GetResetCalibrationStatus  stm32f10x_adc.o
    0x08000b78   0x00000050   Code   RO         1570    i.ADC_Init          stm32f10x_adc.o
    0x08000bc8   0x000000b8   Code   RO         1574    i.ADC_RegularChannelConfig  stm32f10x_adc.o
    0x08000c80   0x0000000a   Code   RO         1575    i.ADC_ResetCalibration  stm32f10x_adc.o
    0x08000c8a   0x00000016   Code   RO         1577    i.ADC_SoftwareStartConvCmd  stm32f10x_adc.o
    0x08000ca0   0x0000000a   Code   RO         1579    i.ADC_StartCalibration  stm32f10x_adc.o
    0x08000caa   0x00000004   Code   RO         1981    i.BusFault_Handler  stm32f10x_it.o
    0x08000cae   0x00000002   PAD
    0x08000cb0   0x00000020   Code   RO         1847    i.DMA1_Channel1_IRQHandler  main.o
    0x08000cd0   0x0000001c   Code   RO         1772    i.DMA_ClearITPendingBit  stm32f10x_dma.o
    0x08000cec   0x00000018   Code   RO         1773    i.DMA_Cmd           stm32f10x_dma.o
    0x08000d04   0x0000014c   Code   RO         1774    i.DMA_DeInit        stm32f10x_dma.o
    0x08000e50   0x0000002c   Code   RO         1777    i.DMA_GetITStatus   stm32f10x_dma.o
    0x08000e7c   0x0000003c   Code   RO         1779    i.DMA_Init          stm32f10x_dma.o
    0x08000eb8   0x00000002   Code   RO         1982    i.DebugMon_Handler  stm32f10x_it.o
    0x08000eba   0x00000002   PAD
    0x08000ebc   0x0000004c   Code   RO          188    i.FLASH_ErasePage   stm32f10x_flash.o
    0x08000f08   0x00000034   Code   RO          189    i.FLASH_GetBank1Status  stm32f10x_flash.o
    0x08000f3c   0x00000014   Code   RO          198    i.FLASH_Lock        stm32f10x_flash.o
    0x08000f50   0x00000040   Code   RO          201    i.FLASH_ProgramHalfWord  stm32f10x_flash.o
    0x08000f90   0x00000018   Code   RO          206    i.FLASH_Unlock      stm32f10x_flash.o
    0x08000fa8   0x00000026   Code   RO          210    i.FLASH_WaitForLastOperation  stm32f10x_flash.o
    0x08000fce   0x00000116   Code   RO          363    i.GPIO_Init         stm32f10x_gpio.o
    0x080010e4   0x00000012   Code   RO          367    i.GPIO_ReadInputDataBit  stm32f10x_gpio.o
    0x080010f6   0x00000004   Code   RO          370    i.GPIO_ResetBits    stm32f10x_gpio.o
    0x080010fa   0x00000004   Code   RO          371    i.GPIO_SetBits      stm32f10x_gpio.o
    0x080010fe   0x00000004   Code   RO         1983    i.HardFault_Handler  stm32f10x_it.o
    0x08001102   0x00000002   PAD
    0x08001104   0x00000034   Code   RO         2101    i.I2C_Ack           stm32_iic.o
    0x08001138   0x00000034   Code   RO         2102    i.I2C_NoAck         stm32_iic.o
    0x0800116c   0x00000054   Code   RO         2103    i.I2C_ReceiveByte   stm32_iic.o
    0x080011c0   0x00000054   Code   RO         2104    i.I2C_SendByte      stm32_iic.o
    0x08001214   0x00000058   Code   RO         2105    i.I2C_Start         stm32_iic.o
    0x0800126c   0x00000034   Code   RO         2106    i.I2C_Stop          stm32_iic.o
    0x080012a0   0x00000048   Code   RO         2107    i.I2C_WaitAck       stm32_iic.o
    0x080012e8   0x00000016   Code   RO         2108    i.I2C_delay         stm32_iic.o
    0x080012fe   0x00000002   PAD
    0x08001300   0x00000038   Code   RO         1848    i.LED_Config        main.o
    0x08001338   0x00000004   Code   RO         1984    i.MemManage_Handler  stm32f10x_it.o
    0x0800133c   0x00000002   Code   RO         1985    i.NMI_Handler       stm32f10x_it.o
    0x0800133e   0x00000002   PAD
    0x08001340   0x00000070   Code   RO           89    i.NVIC_Init         misc.o
    0x080013b0   0x00000014   Code   RO           90    i.NVIC_PriorityGroupConfig  misc.o
    0x080013c4   0x00000002   Code   RO         1986    i.PendSV_Handler    stm32f10x_it.o
    0x080013c6   0x00000002   PAD
    0x080013c8   0x00000018   Code   RO          471    i.RCC_ADCCLKConfig  stm32f10x_rcc.o
    0x080013e0   0x00000020   Code   RO          472    i.RCC_AHBPeriphClockCmd  stm32f10x_rcc.o
    0x08001400   0x00000020   Code   RO          475    i.RCC_APB2PeriphClockCmd  stm32f10x_rcc.o
    0x08001420   0x000000d4   Code   RO          483    i.RCC_GetClocksFreq  stm32f10x_rcc.o
    0x080014f4   0x00000024   Code   RO         2220    i.STMFLASH_Read     eeprom.o
    0x08001518   0x00000028   Code   RO         2221    i.STMFLASH_Read_Backup  eeprom.o
    0x08001540   0x00000044   Code   RO         2222    i.STMFLASH_Write    eeprom.o
    0x08001584   0x0000002c   Code   RO         2223    i.STMFLASH_Write_NoErase  eeprom.o
    0x080015b0   0x00000002   Code   RO         1987    i.SVC_Handler       stm32f10x_it.o
    0x080015b2   0x00000008   Code   RO           17    i.SetSysClock       system_stm32f10x.o
    0x080015ba   0x00000002   PAD
    0x080015bc   0x000000e0   Code   RO           18    i.SetSysClockTo72   system_stm32f10x.o
    0x0800169c   0x00000002   Code   RO         1988    i.SysTick_Handler   stm32f10x_it.o
    0x0800169e   0x00000002   PAD
    0x080016a0   0x00000060   Code   RO           20    i.SystemInit        system_stm32f10x.o
    0x08001700   0x00000002   Code   RO         1852    i.TIM3_IRQHandler   main.o
    0x08001702   0x00000018   Code   RO          687    i.TIM_Cmd           stm32f10x_tim.o
    0x0800171a   0x00000002   PAD
    0x0800171c   0x00000098   Code   RO         2045    i.USART1_Config     usart.o
    0x080017b4   0x00000028   Code   RO         1854    i.USART1_IRQHandler  main.o
    0x080017dc   0x00000012   Code   RO         1219    i.USART_ClearFlag   stm32f10x_usart.o
    0x080017ee   0x00000018   Code   RO         1223    i.USART_Cmd         stm32f10x_usart.o
    0x08001806   0x0000001a   Code   RO         1226    i.USART_GetFlagStatus  stm32f10x_usart.o
    0x08001820   0x00000054   Code   RO         1227    i.USART_GetITStatus  stm32f10x_usart.o
    0x08001874   0x0000004a   Code   RO         1229    i.USART_ITConfig    stm32f10x_usart.o
    0x080018be   0x00000002   PAD
    0x080018c0   0x000000d8   Code   RO         1230    i.USART_Init        stm32f10x_usart.o
    0x08001998   0x0000000a   Code   RO         1237    i.USART_ReceiveData  stm32f10x_usart.o
    0x080019a2   0x00000008   Code   RO         1240    i.USART_SendData    stm32f10x_usart.o
    0x080019aa   0x00000004   Code   RO         1989    i.UsageFault_Handler  stm32f10x_it.o
    0x080019ae   0x00000002   PAD
    0x080019b0   0x00000020   Code   RO         2966    i.__0printf         mc_w.l(printfa.o)
    0x080019d0   0x00000028   Code   RO         3030    i.__ARM_fpclassify  m_ws.l(fpclassify.o)
    0x080019f8   0x000000aa   Code   RO         3032    i.__kernel_poly     m_ws.l(poly.o)
    0x08001aa2   0x00000002   PAD
    0x08001aa4   0x00000010   Code   RO         3028    i.__mathlib_dbl_underflow  m_ws.l(dunder.o)
    0x08001ab4   0x0000000e   Code   RO         3096    i.__scatterload_copy  mc_w.l(handlers.o)
    0x08001ac2   0x00000002   Code   RO         3097    i.__scatterload_null  mc_w.l(handlers.o)
    0x08001ac4   0x0000000e   Code   RO         3098    i.__scatterload_zeroinit  mc_w.l(handlers.o)
    0x08001ad2   0x00000002   PAD
    0x08001ad4   0x0000000c   Code   RO         3068    i.__set_errno       mc_w.l(errno.o)
    0x08001ae0   0x00000164   Code   RO         2973    i._fp_digits        mc_w.l(printfa.o)
    0x08001c44   0x000006dc   Code   RO         2974    i._printf_core      mc_w.l(printfa.o)
    0x08002320   0x00000024   Code   RO         2975    i._printf_post_padding  mc_w.l(printfa.o)
    0x08002344   0x0000002e   Code   RO         2976    i._printf_pre_padding  mc_w.l(printfa.o)
    0x08002372   0x00000002   PAD
    0x08002374   0x0000027c   Code   RO         2707    i.asin              m_ws.l(asin.o)
    0x080025f0   0x00000224   Code   RO         3019    i.atan              m_ws.l(atan.o)
    0x08002814   0x00000180   Code   RO         2717    i.atan2             m_ws.l(atan2.o)
    0x08002994   0x00000064   Code   RO         2524    i.decode_gesture    inv_mpu_dmp_motion_driver.o
    0x080029f8   0x00000018   Code   RO         1958    i.delay_ms          delay.o
    0x08002a10   0x0000001a   Code   RO         1959    i.delay_us          delay.o
    0x08002a2a   0x0000003c   Code   RO         2525    i.dmp_enable_6x_lp_quat  inv_mpu_dmp_motion_driver.o
    0x08002a66   0x00000002   PAD
    0x08002a68   0x0000021c   Code   RO         2526    i.dmp_enable_feature  inv_mpu_dmp_motion_driver.o
    0x08002c84   0x00000058   Code   RO         2527    i.dmp_enable_gyro_cal  inv_mpu_dmp_motion_driver.o
    0x08002cdc   0x0000003c   Code   RO         2528    i.dmp_enable_lp_quat  inv_mpu_dmp_motion_driver.o
    0x08002d18   0x00000018   Code   RO         2533    i.dmp_load_motion_driver_firmware  inv_mpu_dmp_motion_driver.o
    0x08002d30   0x000001cc   Code   RO         2534    i.dmp_read_fifo     inv_mpu_dmp_motion_driver.o
    0x08002efc   0x00000070   Code   RO         2538    i.dmp_set_fifo_rate  inv_mpu_dmp_motion_driver.o
    0x08002f6c   0x00000138   Code   RO         2541    i.dmp_set_orientation  inv_mpu_dmp_motion_driver.o
    0x080030a4   0x00000038   Code   RO         2544    i.dmp_set_shake_reject_thresh  inv_mpu_dmp_motion_driver.o
    0x080030dc   0x00000026   Code   RO         2545    i.dmp_set_shake_reject_time  inv_mpu_dmp_motion_driver.o
    0x08003102   0x00000026   Code   RO         2546    i.dmp_set_shake_reject_timeout  inv_mpu_dmp_motion_driver.o
    0x08003128   0x00000046   Code   RO         2547    i.dmp_set_tap_axes  inv_mpu_dmp_motion_driver.o
    0x0800316e   0x00000026   Code   RO         2548    i.dmp_set_tap_count  inv_mpu_dmp_motion_driver.o
    0x08003194   0x000001a0   Code   RO         2549    i.dmp_set_tap_thresh  inv_mpu_dmp_motion_driver.o
    0x08003334   0x00000026   Code   RO         2550    i.dmp_set_tap_time  inv_mpu_dmp_motion_driver.o
    0x0800335a   0x00000026   Code   RO         2551    i.dmp_set_tap_time_multi  inv_mpu_dmp_motion_driver.o
    0x08003380   0x00000024   Code   RO         2046    i.fputc             usart.o
    0x080033a4   0x00000002   Code   RO         2076    i.get_ms            time.o
    0x080033a6   0x00000002   PAD
    0x080033a8   0x0000002c   Code   RO         2110    i.i2cInit           stm32_iic.o
    0x080033d4   0x00000078   Code   RO         2111    i.i2cRead           stm32_iic.o
    0x0800344c   0x00000064   Code   RO         2113    i.i2cWriteBuffer    stm32_iic.o
    0x080034b0   0x00000026   Code   RO         2114    i.i2cread           stm32_iic.o
    0x080034d6   0x00000026   Code   RO         2115    i.i2cwrite          stm32_iic.o
    0x080034fc   0x00000028   Code   RO         1855    i.inv_orientation_matrix_to_scalar  main.o
    0x08003524   0x0000004e   Code   RO         1856    i.inv_row_2_scale   main.o
    0x08003572   0x00000002   PAD
    0x08003574   0x00000748   Code   RO         1857    i.main              main.o
    0x08003cbc   0x00000070   Code   RO         2254    i.mpu_configure_fifo  inv_mpu.o
    0x08003d2c   0x0000004c   Code   RO         2255    i.mpu_get_accel_fsr  inv_mpu.o
    0x08003d78   0x00000124   Code   RO         2271    i.mpu_init          inv_mpu.o
    0x08003e9c   0x000000b8   Code   RO         2272    i.mpu_load_firmware  inv_mpu.o
    0x08003f54   0x0000011c   Code   RO         2273    i.mpu_lp_accel_mode  inv_mpu.o
    0x08004070   0x000000c0   Code   RO         2276    i.mpu_read_fifo_stream  inv_mpu.o
    0x08004130   0x00000080   Code   RO         2277    i.mpu_read_mem      inv_mpu.o
    0x080041b0   0x000001c8   Code   RO         2280    i.mpu_reset_fifo    inv_mpu.o
    0x08004378   0x00000084   Code   RO         2283    i.mpu_set_accel_fsr  inv_mpu.o
    0x080043fc   0x0000014c   Code   RO         2284    i.mpu_set_bypass    inv_mpu.o
    0x08004548   0x00000060   Code   RO         2285    i.mpu_set_compass_sample_rate  inv_mpu.o
    0x080045a8   0x00000090   Code   RO         2286    i.mpu_set_dmp_state  inv_mpu.o
    0x08004638   0x00000088   Code   RO         2287    i.mpu_set_gyro_fsr  inv_mpu.o
    0x080046c0   0x0000006c   Code   RO         2288    i.mpu_set_int_latched  inv_mpu.o
    0x0800472c   0x00000084   Code   RO         2290    i.mpu_set_lpf       inv_mpu.o
    0x080047b0   0x000000b4   Code   RO         2291    i.mpu_set_sample_rate  inv_mpu.o
    0x08004864   0x00000168   Code   RO         2292    i.mpu_set_sensors   inv_mpu.o
    0x080049cc   0x00000080   Code   RO         2293    i.mpu_write_mem     inv_mpu.o
    0x08004a4c   0x00000090   Code   RO         2294    i.set_int_enable    inv_mpu.o
    0x08004adc   0x00000254   Code   RO         2295    i.setup_compass     inv_mpu.o
    0x08004d30   0x0000004c   Code   RO         3036    i.sqrt              m_ws.l(sqrt.o)
    0x08004d7c   0x0000002a   Code   RO         2047    i.usart_INIT        usart.o
    0x08004da6   0x00000002   PAD
    0x08004da8   0x00000060   Data   RO         2296    .constdata          inv_mpu.o
    0x08004e08   0x00000bf6   Data   RO         2553    .constdata          inv_mpu_dmp_motion_driver.o
    0x080059fe   0x00000002   PAD
    0x08005a00   0x00000050   Data   RO         2708    .constdata          m_ws.l(asin.o)
    0x08005a50   0x00000098   Data   RO         3020    .constdata          m_ws.l(atan.o)
    0x08005ae8   0x00000008   Data   RO         3034    .constdata          m_ws.l(qnan.o)
    0x08005af0   0x00000020   Data   RO         3094    Region$$Table       anon$$obj.o


    Execution Region RW_IRAM1 (Base: 0x20000000, Size: 0x00000ce0, Max: 0x00005000, ABSOLUTE)

    Base Addr    Size         Type   Attr      Idx    E Section Name        Object

    0x20000000   0x00000014   Data   RW          503    .data               stm32f10x_rcc.o
    0x20000014   0x00000057   Data   RW         1860    .data               main.o
    0x2000006b   0x00000001   PAD
    0x2000006c   0x00000038   Data   RW         2297    .data               inv_mpu.o
    0x200000a4   0x00000004   Data   RW         3057    .data               mc_w.l(stdout.o)
    0x200000a8   0x00000004   Data   RW         3069    .data               mc_w.l(errno.o)
    0x200000ac   0x00000020   Zero   RW         1859    .bss                main.o
    0x200000cc   0x00000800   Zero   RW         2224    .bss                eeprom.o
    0x200008cc   0x00000010   Zero   RW         2552    .bss                inv_mpu_dmp_motion_driver.o
    0x200008dc   0x00000004   PAD
    0x200008e0   0x00000400   Zero   RW           82    STACK               startup_stm32f10x_md.o


==============================================================================

Image component sizes


      Code (inc. data)   RO Data    RW Data    ZI Data      Debug   Object Name

         0          0          0          0          0       4304   core_cm3.o
        50          0          0          0          0        914   delay.o
       188         32          0          0       2048       2613   eeprom.o
      4212        128         96         56          0      19799   inv_mpu.o
      2488        108       3062          0         16      18093   inv_mpu_dmp_motion_driver.o
      2376        344          0         87         32       8207   main.o
       132         22          0          0          0       1403   misc.o
        36          8        236          0       1024        800   startup_stm32f10x_md.o
       846         40          0          0          0       7302   stm32_iic.o
       390         10          0          0          0      15953   stm32f10x_adc.o
       488         26          0          0          0      14096   stm32f10x_dma.o
       274         30          0          0          0       3154   stm32f10x_flash.o
       304          0          0          0          0       3428   stm32f10x_gpio.o
        26          0          0          0          0       3734   stm32f10x_it.o
       300         38          0         20          0       4736   stm32f10x_rcc.o
        24          0          0          0          0        958   stm32f10x_tim.o
       460          6          0          0          0       6303   stm32f10x_usart.o
       328         28          0          0          0     254841   system_stm32f10x.o
         2          0          0          0          0        433   time.o
       230         12          0          0          0       1569   usart.o

    ----------------------------------------------------------------------
     13184        832       3428        164       3124     372640   Object Totals
         0          0         32          0          0          0   (incl. Generated)
        30          0          2          1          4          0   (incl. Padding)

    ----------------------------------------------------------------------

      Code (inc. data)   RO Data    RW Data    ZI Data      Debug   Library Member Name

       636         52         80          0          0        168   asin.o
       548         70        152          0          0        124   atan.o
       384         38          0          0          0        144   atan2.o
        16          6          0          0          0         68   dunder.o
        40          0          0          0          0         68   fpclassify.o
       170          0          0          0          0         96   poly.o
         0          0          8          0          0          0   qnan.o
        76          0          0          0          0         84   sqrt.o
         0          0          0          0          0          0   entry.o
         0          0          0          0          0          0   entry10a.o
         0          0          0          0          0          0   entry11a.o
         8          4          0          0          0          0   entry2.o
         4          0          0          0          0          0   entry5.o
         0          0          0          0          0          0   entry7b.o
         0          0          0          0          0          0   entry8b.o
         8          4          0          0          0          0   entry9a.o
        12          6          0          4          0         68   errno.o
        30          0          0          0          0          0   handlers.o
        36          8          0          0          0         68   init.o
         0          0          0          0          0          0   iusefp.o
        30          0          0          0          0         68   llshl.o
        36          0          0          0          0         68   llsshr.o
        32          0          0          0          0         68   llushr.o
        26          0          0          0          0         80   memcmp.o
        36          0          0          0          0        108   memseta.o
      2226         90          0          0          0        444   printfa.o
         0          0          0          4          0          0   stdout.o
        44          0          0          0          0         80   uidiv.o
        98          0          0          0          0         92   uldiv.o
        40          2          0          0          0         68   cdrcmple.o
        20          0          0          0          0         68   cfcmple.o
        56          0          0          0          0         88   d2f.o
       334          0          0          0          0        148   dadd.o
       222          0          0          0          0        100   ddiv.o
       182          0          0          0          0        176   depilogue.o
        48          0          0          0          0         68   dfixul.o
       228          0          0          0          0         96   dmul.o
        46          0          0          0          0         80   dscalb.o
       162          0          0          0          0        100   dsqrt.o
        38          0          0          0          0         68   f2d.o
       176          0          0          0          0        140   fadd.o
       124          0          0          0          0         88   fdiv.o
       110          0          0          0          0        168   fepilogue.o
        40          0          0          0          0         68   ffixui.o
        18          0          0          0          0         68   fflti.o
        10          0          0          0          0         68   ffltui.o
       100          0          0          0          0         76   fmul.o

    ----------------------------------------------------------------------
      6460        280        240          8          0       3632   Library Totals
        10          0          0          0          0          0   (incl. Padding)

    ----------------------------------------------------------------------

      Code (inc. data)   RO Data    RW Data    ZI Data      Debug   Library Name

      1870        166        240          0          0        752   m_ws.l
      2626        112          0          8          0       1144   mc_w.l
      1954          2          0          0          0       1736   mf_w.l

    ----------------------------------------------------------------------
      6460        280        240          8          0       3632   Library Totals

    ----------------------------------------------------------------------

==============================================================================


      Code (inc. data)   RO Data    RW Data    ZI Data      Debug   

     19644       1112       3668        172       3124     368572   Grand Totals
     19644       1112       3668        172       3124     368572   ELF Image Totals
     19644       1112       3668        172          0          0   ROM Totals

==============================================================================

    Total RO  Size (Code + RO Data)                23312 (  22.77kB)
    Total RW  Size (RW Data + ZI Data)              3296 (   3.22kB)
    Total ROM Size (Code + RO Data + RW Data)      23484 (  22.93kB)

==============================================================================

